<html>
<body>
<pre>
<h1>�Vision Build Log</h1>
<h2>Tool Versions:</h2>
IDE-Version: µVision V5.38.0.0
Copyright (C) 2022 ARM Ltd and ARM Germany GmbH. All rights reserved.
License Information:  ,  , LIC=8VRJ7-EGCBD-X73RZ-JU72N-B3KT7-74MRZ
 
Tool Versions:
Toolchain:       MDK-ARM Plus  Version: 5.38.0.0
Toolchain Path:  D:\Keil_v5\ARM\ARMCC\Bin
C Compiler:      Armcc.exe V5.06 update 7 (build 960)
Assembler:       Armasm.exe V5.06 update 7 (build 960)
Linker/Locator:  ArmLink.exe V5.06 update 7 (build 960)
Library Manager: ArmAr.exe V5.06 update 7 (build 960)
Hex Converter:   FromElf.exe V5.06 update 7 (build 960)
CPU DLL:         SARMCM3.DLL V5.38.0.0
Dialog DLL:      DARMCM1.DLL V1.19.6.0
Target DLL:      CMSIS_AGDI.dll V1.33.15.0
Dialog DLL:      TARMCM1.DLL V1.14.6.0
 
<h2>Project:</h2>
D:\Desktop\LLLT hair cap\LLLT_V1.0.0.1_无蓝牙协议\LLLT\MDK-ARM\LLLT.uvprojx
Project File Date:  09/03/2026

<h2>Output:</h2>
*** Using Compiler 'V5.06 update 7 (build 960)', folder: 'D:\Keil_v5\ARM\ARMCC\Bin'
Build target 'N32G031'
compiling user.c...
..\..\bsp\src\user.c(277): warning:  #177-D: variable "NecRx"  was declared but never referenced
      uint8_t NecRx;
..\..\bsp\src\user.c(33): warning:  #177-D: variable "NecFramePending"  was declared but never referenced
  static uint8_t NecFramePending = 0;
..\..\bsp\src\user.c(70): warning:  #177-D: function "Wear_Update"  was declared but never referenced
  static void Wear_Update(uint8_t rx)
..\..\bsp\src\user.c: 3 warnings, 0 errors
linking...
Program Size: Code=20620 RO-data=408 RW-data=88 ZI-data=1024  
FromELF: creating hex file...
After Build - User command #1: fromelf --bin --output=.\bin\LLLT.bin .\Objects\LLLT.axf
".\Objects\LLLT.axf" - 0 Error(s), 3 Warning(s).

<h2>Software Packages used:</h2>

Package Vendor: Nationstech
                http://www.keil.com/pack/Nationstech.N32G031_DFP.1.0.5.pack
                Nationstech.N32G031_DFP.1.0.5
                Nationstech N32G031 Series Device Support, Drivers and Examples

<h2>Collection of Component include folders:</h2>
  D:/Users/75506/AppData/Local/Arm/Packs/Nationstech/N32G031_DFP/1.0.5/firmware/CMSIS/device

<h2>Collection of Component Files used:</h2>
Build Time Elapsed:  00:00:01
</pre>
</body>
</html>
