Component: ARM Compiler 5.06 update 7 (build 960) Tool: armlink [4d3601]

==============================================================================

Section Cross References

    startup_n32g031.o(RESET) refers to startup_n32g031.o(STACK) for __initial_sp
    startup_n32g031.o(RESET) refers to startup_n32g031.o(.text) for Reset_Handler
    startup_n32g031.o(RESET) refers to n32g031_it.o(i.NMI_Handler) for NMI_Handler
    startup_n32g031.o(RESET) refers to n32g031_it.o(i.HardFault_Handler) for HardFault_Handler
    startup_n32g031.o(RESET) refers to n32g031_it.o(i.SVC_Handler) for SVC_Handler
    startup_n32g031.o(RESET) refers to n32g031_it.o(i.PendSV_Handler) for PendSV_Handler
    startup_n32g031.o(RESET) refers to n32g031_it.o(i.SysTick_Handler) for SysTick_Handler
    startup_n32g031.o(RESET) refers to nec.o(i.TIM1_BRK_UP_TRG_COM_IRQHandler) for TIM1_BRK_UP_TRG_COM_IRQHandler
    startup_n32g031.o(RESET) refers to timer.o(i.LPTIM_TIM6_IRQHandler) for LPTIM_TIM6_IRQHandler
    startup_n32g031.o(.text) refers to system_n32g031.o(i.SystemInit) for SystemInit
    startup_n32g031.o(.text) refers to entry.o(.ARM.Collect$$$$00000000) for __main
    system_n32g031.o(i.SystemCoreClockUpdate) refers to uidiv.o(.text) for __aeabi_uidivmod
    system_n32g031.o(i.SystemCoreClockUpdate) refers to system_n32g031.o(.data) for SystemCoreClock
    system_n32g031.o(i.SystemCoreClockUpdate) refers to system_n32g031.o(.constdata) for AHBPrescTable
    system_n32g031.o(i.SystemInit) refers to system_n32g031.o(i.SetSysClock) for SetSysClock
    misc.o(i.NVIC_Init) refers to main.o(i.assert_failed) for assert_failed
    misc.o(i.NVIC_Init) refers to misc.o(i.NVIC_SetPriority) for NVIC_SetPriority
    misc.o(i.SysTick_CLKSourceConfig) refers to main.o(i.assert_failed) for assert_failed
    n32g031_adc.o(i.ADC_ClearFlag) refers to main.o(i.assert_failed) for assert_failed
    n32g031_adc.o(i.ADC_ClearIntPendingBit) refers to main.o(i.assert_failed) for assert_failed
    n32g031_adc.o(i.ADC_ConfigAnalogWatchdogSingleChannel) refers to main.o(i.assert_failed) for assert_failed
    n32g031_adc.o(i.ADC_ConfigAnalogWatchdogThresholds) refers to main.o(i.assert_failed) for assert_failed
    n32g031_adc.o(i.ADC_ConfigAnalogWatchdogWorkChannelType) refers to main.o(i.assert_failed) for assert_failed
    n32g031_adc.o(i.ADC_ConfigClk) refers to n32g031_rcc.o(i.RCC_ConfigAdcPllClk) for RCC_ConfigAdcPllClk
    n32g031_adc.o(i.ADC_ConfigClk) refers to n32g031_rcc.o(i.RCC_ConfigAdcHclk) for RCC_ConfigAdcHclk
    n32g031_adc.o(i.ADC_ConfigClk) refers to n32g031_adc.o(i.ADC_AHB_Clock_Mode_Config) for ADC_AHB_Clock_Mode_Config
    n32g031_adc.o(i.ADC_ConfigClk) refers to n32g031_adc.o(i.ADC_PLL_Clock_Mode_Config) for ADC_PLL_Clock_Mode_Config
    n32g031_adc.o(i.ADC_ConfigDiscModeChannelCount) refers to main.o(i.assert_failed) for assert_failed
    n32g031_adc.o(i.ADC_ConfigExternalTrigInjectedConv) refers to main.o(i.assert_failed) for assert_failed
    n32g031_adc.o(i.ADC_ConfigInjectedChannel) refers to main.o(i.assert_failed) for assert_failed
    n32g031_adc.o(i.ADC_ConfigInjectedSequencerLength) refers to main.o(i.assert_failed) for assert_failed
    n32g031_adc.o(i.ADC_ConfigInt) refers to main.o(i.assert_failed) for assert_failed
    n32g031_adc.o(i.ADC_ConfigOPAControl) refers to main.o(i.assert_failed) for assert_failed
    n32g031_adc.o(i.ADC_ConfigOPASetUpTime) refers to main.o(i.assert_failed) for assert_failed
    n32g031_adc.o(i.ADC_ConfigRegularChannel) refers to main.o(i.assert_failed) for assert_failed
    n32g031_adc.o(i.ADC_DeInit) refers to main.o(i.assert_failed) for assert_failed
    n32g031_adc.o(i.ADC_DeInit) refers to n32g031_rcc.o(i.RCC_EnableAHBPeriphReset) for RCC_EnableAHBPeriphReset
    n32g031_adc.o(i.ADC_Enable) refers to main.o(i.assert_failed) for assert_failed
    n32g031_adc.o(i.ADC_EnableAutoInjectedConv) refers to main.o(i.assert_failed) for assert_failed
    n32g031_adc.o(i.ADC_EnableDMA) refers to main.o(i.assert_failed) for assert_failed
    n32g031_adc.o(i.ADC_EnableDiscMode) refers to main.o(i.assert_failed) for assert_failed
    n32g031_adc.o(i.ADC_EnableExternalTrigConv) refers to main.o(i.assert_failed) for assert_failed
    n32g031_adc.o(i.ADC_EnableExternalTrigInjectedConv) refers to main.o(i.assert_failed) for assert_failed
    n32g031_adc.o(i.ADC_EnableInjectedDiscMode) refers to main.o(i.assert_failed) for assert_failed
    n32g031_adc.o(i.ADC_EnableSoftwareStartConv) refers to main.o(i.assert_failed) for assert_failed
    n32g031_adc.o(i.ADC_EnableSoftwareStartInjectedConv) refers to main.o(i.assert_failed) for assert_failed
    n32g031_adc.o(i.ADC_EnableTempSensor) refers to main.o(i.assert_failed) for assert_failed
    n32g031_adc.o(i.ADC_EnableVrefint) refers to main.o(i.assert_failed) for assert_failed
    n32g031_adc.o(i.ADC_GetDat) refers to main.o(i.assert_failed) for assert_failed
    n32g031_adc.o(i.ADC_GetFlagStatus) refers to main.o(i.assert_failed) for assert_failed
[...]
    printfa.o(i.__0fprintf) refers (Special) to iusefp.o(.text) for __I$use$fp
    printfa.o(i.__0fprintf) refers to printfa.o(i._printf_core) for _printf_core
    printfa.o(i.__0fprintf) refers to usart.o(i.fputc) for fputc
    printfa.o(i.__0printf) refers (Special) to iusefp.o(.text) for __I$use$fp
    printfa.o(i.__0printf) refers to printfa.o(i._printf_core) for _printf_core
    printfa.o(i.__0printf) refers to usart.o(i.fputc) for fputc
    printfa.o(i.__0printf) refers to stdout.o(.data) for __stdout
    printfa.o(i.__0snprintf) refers (Special) to iusefp.o(.text) for __I$use$fp
    printfa.o(i.__0snprintf) refers to printfa.o(i._printf_core) for _printf_core
    printfa.o(i.__0snprintf) refers to printfa.o(i._snputc) for _snputc
    printfa.o(i.__0sprintf) refers (Special) to iusefp.o(.text) for __I$use$fp
    printfa.o(i.__0sprintf) refers to printfa.o(i._printf_core) for _printf_core
    printfa.o(i.__0sprintf) refers to printfa.o(i._sputc) for _sputc
    printfa.o(i.__0vfprintf) refers (Special) to iusefp.o(.text) for __I$use$fp
    printfa.o(i.__0vfprintf) refers to printfa.o(i._printf_core) for _printf_core
    printfa.o(i.__0vfprintf) refers to usart.o(i.fputc) for fputc
    printfa.o(i.__0vprintf) refers (Special) to iusefp.o(.text) for __I$use$fp
    printfa.o(i.__0vprintf) refers to printfa.o(i._printf_core) for _printf_core
    printfa.o(i.__0vprintf) refers to usart.o(i.fputc) for fputc
    printfa.o(i.__0vprintf) refers to stdout.o(.data) for __stdout
    printfa.o(i.__0vsnprintf) refers (Special) to iusefp.o(.text) for __I$use$fp
    printfa.o(i.__0vsnprintf) refers to printfa.o(i._printf_core) for _printf_core
    printfa.o(i.__0vsnprintf) refers to printfa.o(i._snputc) for _snputc
    printfa.o(i.__0vsprintf) refers (Special) to iusefp.o(.text) for __I$use$fp
    printfa.o(i.__0vsprintf) refers to printfa.o(i._printf_core) for _printf_core
    printfa.o(i.__0vsprintf) refers to printfa.o(i._sputc) for _sputc
    printfa.o(i._fp_digits) refers (Special) to iusefp.o(.text) for __I$use$fp
    printfa.o(i._fp_digits) refers to dmul.o(.text) for __aeabi_dmul
    printfa.o(i._fp_digits) refers to ddiv.o(.text) for __aeabi_ddiv
    printfa.o(i._fp_digits) refers to cdrcmple.o(.text) for __aeabi_cdrcmple
    printfa.o(i._fp_digits) refers to dadd.o(.text) for __aeabi_dadd
    printfa.o(i._fp_digits) refers to dfixul.o(.text) for __aeabi_d2ulz
    printfa.o(i._fp_digits) refers to uldiv.o(.text) for __aeabi_uldivmod
    printfa.o(i._printf_core) refers (Special) to iusefp.o(.text) for __I$use$fp
    printfa.o(i._printf_core) refers to printfa.o(i._printf_pre_padding) for _printf_pre_padding
    printfa.o(i._printf_core) refers to uldiv.o(.text) for __aeabi_uldivmod
    printfa.o(i._printf_core) refers to printfa.o(i._printf_post_padding) for _printf_post_padding
    printfa.o(i._printf_core) refers to printfa.o(i._fp_digits) for _fp_digits
    printfa.o(i._printf_core) refers to uidiv.o(.text) for __aeabi_uidivmod
    printfa.o(i._printf_post_padding) refers (Special) to iusefp.o(.text) for __I$use$fp
    printfa.o(i._printf_pre_padding) refers (Special) to iusefp.o(.text) for __I$use$fp
    printfa.o(i._snputc) refers (Special) to iusefp.o(.text) for __I$use$fp
    printfa.o(i._sputc) refers (Special) to iusefp.o(.text) for __I$use$fp
    fmul.o(.text) refers (Special) to iusefp.o(.text) for __I$use$fp
    fdiv.o(.text) refers (Special) to iusefp.o(.text) for __I$use$fp
    fdiv.o(.text) refers to fepilogue.o(.text) for _float_round
    dmul.o(.text) refers (Special) to iusefp.o(.text) for __I$use$fp
    dmul.o(.text) refers to depilogue.o(.text) for _double_epilogue
    ffltui.o(.text) refers (Special) to iusefp.o(.text) for __I$use$fp
    ffltui.o(.text) refers to fepilogue.o(.text) for _float_epilogue
    ffixui.o(.text) refers (Special) to iusefp.o(.text) for __I$use$fp
    f2d.o(.text) refers (Special) to iusefp.o(.text) for __I$use$fp
    d2f.o(.text) refers (Special) to iusefp.o(.text) for __I$use$fp
    d2f.o(.text) refers to fepilogue.o(.text) for _float_round
    entry2.o(.ARM.Collect$$$$00000001) refers to entry2.o(.ARM.Collect$$$$00002712) for __lit__00000000
    entry2.o(.ARM.Collect$$$$00002712) refers to startup_n32g031.o(STACK) for __initial_sp
    entry2.o(__vectab_stack_and_reset_area) refers to startup_n32g031.o(STACK) for __initial_sp
    entry2.o(__vectab_stack_and_reset_area) refers to entry.o(.ARM.Collect$$$$00000000) for __main
    entry5.o(.ARM.Collect$$$$00000004) refers to init.o(.text) for __scatterload
    entry9a.o(.ARM.Collect$$$$0000000B) refers to main.o(i.main) for main
    entry9b.o(.ARM.Collect$$$$0000000C) refers to main.o(i.main) for main
    uldiv.o(.text) refers to llushr.o(.text) for __aeabi_llsr
    uldiv.o(.text) refers to llshl.o(.text) for __aeabi_llsl
    depilogue.o(.text) refers to depilogue.o(i.__ARM_clz) for __ARM_clz
    depilogue.o(.text) refers to llshl.o(.text) for __aeabi_llsl
    depilogue.o(.text) refers to llushr.o(.text) for __aeabi_llsr
    dadd.o(.text) refers to llshl.o(.text) for __aeabi_llsl
    dadd.o(.text) refers to llsshr.o(.text) for __aeabi_lasr
    dadd.o(.text) refers to depilogue.o(.text) for _double_epilogue
    ddiv.o(.text) refers to depilogue.o(.text) for _double_round
    dfixul.o(.text) refers to llushr.o(.text) for __aeabi_llsr
    dfixul.o(.text) refers to llshl.o(.text) for __aeabi_llsl
    init.o(.text) refers to entry5.o(.ARM.Collect$$$$00000004) for __main_after_scatterload


==============================================================================

Removing Unused input sections from the image.

    Removing startup_n32g031.o(HEAP), (512 bytes).
    Removing system_n32g031.o(.emb_text), (8 bytes).
    Removing system_n32g031.o(i.SystemCoreClockUpdate), (256 bytes).
    Removing system_n32g031.o(.constdata), (16 bytes).
    Removing misc.o(.emb_text), (8 bytes).
    Removing n32g031_adc.o(.emb_text), (8 bytes).
    Removing n32g031_adc.o(i.ADC_ClearIntPendingBit), (176 bytes).
    Removing n32g031_adc.o(i.ADC_ConfigAnalogWatchdogSingleChannel), (236 bytes).
    Removing n32g031_adc.o(i.ADC_ConfigAnalogWatchdogThresholds), (220 bytes).
    Removing n32g031_adc.o(i.ADC_ConfigAnalogWatchdogWorkChannelType), (240 bytes).
    Removing n32g031_adc.o(i.ADC_ConfigDiscModeChannelCount), (192 bytes).
    Removing n32g031_adc.o(i.ADC_ConfigExternalTrigInjectedConv), (228 bytes).
    Removing n32g031_adc.o(i.ADC_ConfigInjectedChannel), (540 bytes).
    Removing n32g031_adc.o(i.ADC_ConfigInjectedSequencerLength), (188 bytes).
    Removing n32g031_adc.o(i.ADC_ConfigInt), (276 bytes).
    Removing n32g031_adc.o(i.ADC_ConfigOPAControl), (388 bytes).
    Removing n32g031_adc.o(i.ADC_ConfigOPASetUpTime), (204 bytes).
    Removing n32g031_adc.o(i.ADC_DeInit), (132 bytes).
    Removing n32g031_adc.o(i.ADC_EnableAutoInjectedConv), (192 bytes).
    Removing n32g031_adc.o(i.ADC_EnableDMA), (192 bytes).
    Removing n32g031_adc.o(i.ADC_EnableDiscMode), (188 bytes).
    Removing n32g031_adc.o(i.ADC_EnableExternalTrigConv), (192 bytes).
    Removing n32g031_adc.o(i.ADC_EnableExternalTrigInjectedConv), (192 bytes).
    Removing n32g031_adc.o(i.ADC_EnableInjectedDiscMode), (192 bytes).
    Removing n32g031_adc.o(i.ADC_EnableSoftwareStartInjectedConv), (192 bytes).
    Removing n32g031_adc.o(i.ADC_EnableTempSensor), (156 bytes).
    Removing n32g031_adc.o(i.ADC_EnableVrefint), (176 bytes).
    Removing n32g031_adc.o(i.ADC_GetInjectedConversionDat), (200 bytes).
    Removing n32g031_adc.o(i.ADC_GetIntStatus), (280 bytes).
    Removing n32g031_adc.o(i.ADC_GetOPACtrl), (12 bytes).
    Removing n32g031_adc.o(i.ADC_GetSoftwareStartConvStatus), (132 bytes).
    Removing n32g031_adc.o(i.ADC_GetSoftwareStartInjectedConvCmdStatus), (136 bytes).
    Removing n32g031_adc.o(i.ADC_InitEx), (114 bytes).
    Removing n32g031_adc.o(i.ADC_InitStruct), (16 bytes).
    Removing n32g031_adc.o(i.ADC_SetInjectedOffsetDat), (248 bytes).
    Removing n32g031_adc.o(i.ADC_SetOPACtrl), (12 bytes).
    Removing n32g031_gpio.o(.emb_text), (8 bytes).
    Removing n32g031_gpio.o(i.AFIO_ConfigADCExternalTrigRemap), (444 bytes).
    Removing n32g031_gpio.o(i.AFIO_ConfigSPINSSMode), (208 bytes).
    Removing n32g031_gpio.o(i.GPIO_AFIOInitDefault), (20 bytes).
    Removing n32g031_gpio.o(i.GPIO_ConfigEXTILine), (308 bytes).
    Removing n32g031_gpio.o(i.GPIO_ConfigPinLock), (324 bytes).
    Removing n32g031_gpio.o(i.GPIO_ConfigPinRemap), (428 bytes).
    Removing n32g031_gpio.o(i.GPIO_DeInit), (248 bytes).
    Removing n32g031_gpio.o(i.GPIO_DeInitPin), (556 bytes).
    Removing n32g031_gpio.o(i.GPIO_ReadInputData), (152 bytes).
    Removing n32g031_gpio.o(i.GPIO_ReadOutputData), (152 bytes).
    Removing n32g031_gpio.o(i.GPIO_ReadOutputDataBit), (320 bytes).
    Removing n32g031_gpio.o(i.GPIO_Write), (152 bytes).
    Removing n32g031_gpio.o(i.GPIO_WriteBit), (364 bytes).
    Removing n32g031_rcc.o(.emb_text), (8 bytes).
    Removing n32g031_rcc.o(i.RCC_ClrFlag), (28 bytes).
    Removing n32g031_rcc.o(i.RCC_ClrIntPendingBit), (168 bytes).
    Removing n32g031_rcc.o(i.RCC_ConfigHclk), (180 bytes).
    Removing n32g031_rcc.o(i.RCC_ConfigHse), (204 bytes).
    Removing n32g031_rcc.o(i.RCC_ConfigHsi), (148 bytes).
    Removing n32g031_rcc.o(i.RCC_ConfigInt), (212 bytes).
    Removing n32g031_rcc.o(i.RCC_ConfigLPRUNClk), (160 bytes).
    Removing n32g031_rcc.o(i.RCC_ConfigLPTIMClk), (192 bytes).
    Removing n32g031_rcc.o(i.RCC_ConfigLPUARTClk), (156 bytes).
    Removing n32g031_rcc.o(i.RCC_ConfigLse), (180 bytes).
    Removing n32g031_rcc.o(i.RCC_ConfigMco), (160 bytes).
    Removing n32g031_rcc.o(i.RCC_ConfigMcoClkPre), (252 bytes).
    Removing n32g031_rcc.o(i.RCC_ConfigPclk2), (176 bytes).
    Removing n32g031_rcc.o(i.RCC_ConfigPll), (548 bytes).
    Removing n32g031_rcc.o(i.RCC_ConfigRtcClk), (160 bytes).
    Removing n32g031_rcc.o(i.RCC_ConfigSysclk), (160 bytes).
    Removing n32g031_rcc.o(i.RCC_ConfigTim18Clk), (160 bytes).
    Removing n32g031_rcc.o(i.RCC_DeInit), (92 bytes).
    Removing n32g031_rcc.o(i.RCC_EnableAHBPeriphReset), (220 bytes).
    Removing n32g031_rcc.o(i.RCC_EnableAPB1PeriphReset), (224 bytes).
    Removing n32g031_rcc.o(i.RCC_EnableAPB2PeriphReset), (216 bytes).
    Removing n32g031_rcc.o(i.RCC_EnableClockSecuritySystem), (156 bytes).
    Removing n32g031_rcc.o(i.RCC_EnableLsi), (152 bytes).
    Removing n32g031_rcc.o(i.RCC_EnablePll), (152 bytes).
    Removing n32g031_rcc.o(i.RCC_EnablePllClockOut), (152 bytes).
    Removing n32g031_rcc.o(i.RCC_EnableRAMCParityErrorReset), (156 bytes).
    Removing n32g031_rcc.o(i.RCC_EnableRTCReset), (156 bytes).
    Removing n32g031_rcc.o(i.RCC_EnableRtcClk), (152 bytes).
    Removing n32g031_rcc.o(i.RCC_GetIntStatus), (160 bytes).
    Removing n32g031_rcc.o(i.RCC_GetLPRUNClkSrc), (16 bytes).
    Removing n32g031_rcc.o(i.RCC_GetLPTIMClkSrc), (16 bytes).
    Removing n32g031_rcc.o(i.RCC_GetLPUARTClkSrc), (20 bytes).
    Removing n32g031_rcc.o(i.RCC_GetRTCClkSrc), (16 bytes).
    Removing n32g031_rcc.o(i.RCC_GetSysclkSrc), (20 bytes).
    Removing n32g031_rcc.o(i.RCC_LSE_Trim_Config), (44 bytes).
    Removing n32g031_rcc.o(i.RCC_SetHsiCalibValue), (152 bytes).
    Removing n32g031_rcc.o(i.RCC_WaitHseStable), (60 bytes).
    Removing n32g031_spi.o(.emb_text), (8 bytes).
    Removing n32g031_spi.o(i.I2S_Enable), (196 bytes).
    Removing n32g031_spi.o(i.I2S_Init), (824 bytes).
    Removing n32g031_spi.o(i.I2S_InitStruct), (20 bytes).
    Removing n32g031_spi.o(i.SPI_ConfigBidirectionalMode), (220 bytes).
    Removing n32g031_spi.o(i.SPI_ConfigDataLen), (196 bytes).
    Removing n32g031_spi.o(i.SPI_Enable), (200 bytes).
    Removing n32g031_spi.o(i.SPI_EnableCalculateCrc), (204 bytes).
    Removing n32g031_spi.o(i.SPI_GetCRCDat), (180 bytes).
    Removing n32g031_spi.o(i.SPI_GetCRCPoly), (124 bytes).
    Removing n32g031_spi.o(i.SPI_I2S_ClrCRCErrFlag), (184 bytes).
    Removing n32g031_spi.o(i.SPI_I2S_ClrITPendingBit), (192 bytes).
    Removing n32g031_spi.o(i.SPI_I2S_DeInit), (164 bytes).
    Removing n32g031_spi.o(i.SPI_I2S_EnableDma), (256 bytes).
    Removing n32g031_spi.o(i.SPI_I2S_EnableInt), (272 bytes).
    Removing n32g031_spi.o(i.SPI_I2S_GetIntStatus), (256 bytes).
    Removing n32g031_spi.o(i.SPI_I2S_GetStatus), (224 bytes).
    Removing n32g031_spi.o(i.SPI_I2S_ReceiveData), (124 bytes).
    Removing n32g031_spi.o(i.SPI_I2S_TransmitData), (124 bytes).
    Removing n32g031_spi.o(i.SPI_Init), (848 bytes).
    Removing n32g031_spi.o(i.SPI_InitStruct), (24 bytes).
    Removing n32g031_spi.o(i.SPI_SSOutputEnable), (200 bytes).
    Removing n32g031_spi.o(i.SPI_SetNssLevel), (224 bytes).
    Removing n32g031_spi.o(i.SPI_TransmitCrcNext), (132 bytes).
    Removing n32g031_sqrt.o(.emb_text), (8 bytes).
    Removing n32g031_sqrt.o(i.SQRT_ClrIntPendingBit), (20 bytes).
    Removing n32g031_sqrt.o(i.SQRT_ConfigInt), (160 bytes).
    Removing n32g031_sqrt.o(i.SQRT_GetFlagStatus), (140 bytes).
    Removing n32g031_sqrt.o(i.SQRT_GetIntStatus), (28 bytes).
    Removing n32g031_sqrt.o(i.SQRT_GetRADICANT_Data), (12 bytes).
    Removing n32g031_sqrt.o(i.SQRT_GetROOT_Data), (12 bytes).
    Removing n32g031_sqrt.o(i.SQRT_SetRADICANT_Data), (12 bytes).
    Removing n32g031_sqrt.o(i.SQRT_Start), (48 bytes).
    Removing n32g031_tim.o(.emb_text), (8 bytes).
    Removing n32g031_tim.o(i.ConfigTI1), (104 bytes).
    Removing n32g031_tim.o(i.ConfigTI2), (116 bytes).
    Removing n32g031_tim.o(i.ConfigTI3), (124 bytes).
    Removing n32g031_tim.o(i.ConfigTI4), (124 bytes).
    Removing n32g031_tim.o(i.TIM_ClrIntPendingBit), (200 bytes).
    Removing n32g031_tim.o(i.TIM_ClrOc1Ref), (212 bytes).
    Removing n32g031_tim.o(i.TIM_ClrOc2Ref), (208 bytes).
    Removing n32g031_tim.o(i.TIM_ClrOc3Ref), (212 bytes).
    Removing n32g031_tim.o(i.TIM_ClrOc4Ref), (208 bytes).
    Removing n32g031_tim.o(i.TIM_ClrOc5Ref), (208 bytes).
    Removing n32g031_tim.o(i.TIM_ClrOc6Ref), (204 bytes).
    Removing n32g031_tim.o(i.TIM_ConfigBkdt), (740 bytes).
    Removing n32g031_tim.o(i.TIM_ConfigCntMode), (216 bytes).
    Removing n32g031_tim.o(i.TIM_ConfigDma), (456 bytes).
    Removing n32g031_tim.o(i.TIM_ConfigEncoderInterface), (428 bytes).
    Removing n32g031_tim.o(i.TIM_ConfigExtClkMode1), (388 bytes).
    Removing n32g031_tim.o(i.TIM_ConfigExtClkMode2), (364 bytes).
    Removing n32g031_tim.o(i.TIM_ConfigExtTrig), (368 bytes).
    Removing n32g031_tim.o(i.TIM_ConfigExtTrigAsClk), (368 bytes).
    Removing n32g031_tim.o(i.TIM_ConfigForcedOc1), (216 bytes).
    Removing n32g031_tim.o(i.TIM_ConfigForcedOc2), (216 bytes).
    Removing n32g031_tim.o(i.TIM_ConfigForcedOc3), (216 bytes).
    Removing n32g031_tim.o(i.TIM_ConfigForcedOc4), (216 bytes).
    Removing n32g031_tim.o(i.TIM_ConfigForcedOc5), (212 bytes).
    Removing n32g031_tim.o(i.TIM_ConfigForcedOc6), (212 bytes).
    Removing n32g031_tim.o(i.TIM_ConfigInternalClk), (148 bytes).
    Removing n32g031_tim.o(i.TIM_ConfigInternalTrigToExt), (228 bytes).
    Removing n32g031_tim.o(i.TIM_ConfigOc1Fast), (212 bytes).
    Removing n32g031_tim.o(i.TIM_ConfigOc1NPolarity), (204 bytes).
    Removing n32g031_tim.o(i.TIM_ConfigOc1Polarity), (208 bytes).
    Removing n32g031_tim.o(i.TIM_ConfigOc2Fast), (212 bytes).
    Removing n32g031_tim.o(i.TIM_ConfigOc2NPolarity), (200 bytes).
    Removing n32g031_tim.o(i.TIM_ConfigOc2Polarity), (208 bytes).
    Removing n32g031_tim.o(i.TIM_ConfigOc3Fast), (212 bytes).
    Removing n32g031_tim.o(i.TIM_ConfigOc3NPolarity), (204 bytes).
    Removing n32g031_tim.o(i.TIM_ConfigOc3Polarity), (208 bytes).
    Removing n32g031_tim.o(i.TIM_ConfigOc3Preload), (216 bytes).
    Removing n32g031_tim.o(i.TIM_ConfigOc4Fast), (212 bytes).
    Removing n32g031_tim.o(i.TIM_ConfigOc4Polarity), (208 bytes).
    Removing n32g031_tim.o(i.TIM_ConfigOc4Preload), (216 bytes).
    Removing n32g031_tim.o(i.TIM_ConfigOc5Fast), (208 bytes).
    Removing n32g031_tim.o(i.TIM_ConfigOc5Polarity), (200 bytes).
    Removing n32g031_tim.o(i.TIM_ConfigOc5Preload), (212 bytes).
    Removing n32g031_tim.o(i.TIM_ConfigOc6Fast), (208 bytes).
    Removing n32g031_tim.o(i.TIM_ConfigOc6Polarity), (200 bytes).
    Removing n32g031_tim.o(i.TIM_ConfigOc6Preload), (212 bytes).
    Removing n32g031_tim.o(i.TIM_ConfigPrescaler), (216 bytes).
    Removing n32g031_tim.o(i.TIM_ConfigPwmIc), (256 bytes).
    Removing n32g031_tim.o(i.TIM_ConfigUpdateEvt), (220 bytes).
    Removing n32g031_tim.o(i.TIM_ConfigUpdateRequestIntSrc), (228 bytes).
    Removing n32g031_tim.o(i.TIM_DeInit), (236 bytes).
    Removing n32g031_tim.o(i.TIM_EnableCapCmpCh), (264 bytes).
    Removing n32g031_tim.o(i.TIM_EnableCapCmpChN), (264 bytes).
    Removing n32g031_tim.o(i.TIM_EnableCapCmpPreloadControl), (212 bytes).
    Removing n32g031_tim.o(i.TIM_EnableDma), (276 bytes).
    Removing n32g031_tim.o(i.TIM_EnableUpdateEvt), (220 bytes).
    Removing n32g031_tim.o(i.TIM_GenerateEvent), (212 bytes).
    Removing n32g031_tim.o(i.TIM_GetAutoReload), (148 bytes).
    Removing n32g031_tim.o(i.TIM_GetCCENStatus), (352 bytes).
    Removing n32g031_tim.o(i.TIM_GetCap1), (140 bytes).
    Removing n32g031_tim.o(i.TIM_GetCap2), (136 bytes).
    Removing n32g031_tim.o(i.TIM_GetCap3), (140 bytes).
    Removing n32g031_tim.o(i.TIM_GetCap4), (140 bytes).
    Removing n32g031_tim.o(i.TIM_GetCap5), (132 bytes).
    Removing n32g031_tim.o(i.TIM_GetCap6), (132 bytes).
    Removing n32g031_tim.o(i.TIM_GetCnt), (148 bytes).
    Removing n32g031_tim.o(i.TIM_GetFlagStatus), (276 bytes).
    Removing n32g031_tim.o(i.TIM_GetPrescaler), (148 bytes).
    Removing n32g031_tim.o(i.TIM_ICInit), (884 bytes).
    Removing n32g031_tim.o(i.TIM_InitBkdtStruct), (18 bytes).
    Removing n32g031_tim.o(i.TIM_InitIcStruct), (18 bytes).
    Removing n32g031_tim.o(i.TIM_InitOc3), (848 bytes).
    Removing n32g031_tim.o(i.TIM_InitOc4), (568 bytes).
    Removing n32g031_tim.o(i.TIM_InitOc5), (552 bytes).
    Removing n32g031_tim.o(i.TIM_InitOc6), (556 bytes).
    Removing n32g031_tim.o(i.TIM_SelectCapCmpDmaSrc), (212 bytes).
    Removing n32g031_tim.o(i.TIM_SelectComEvt), (200 bytes).
    Removing n32g031_tim.o(i.TIM_SelectHallSensor), (212 bytes).
    Removing n32g031_tim.o(i.TIM_SelectInputTrig), (244 bytes).
    Removing n32g031_tim.o(i.TIM_SelectMasterSlaveMode), (224 bytes).
    Removing n32g031_tim.o(i.TIM_SelectOcMode), (340 bytes).
    Removing n32g031_tim.o(i.TIM_SelectOnePulseMode), (208 bytes).
    Removing n32g031_tim.o(i.TIM_SelectOutputTrig), (240 bytes).
    Removing n32g031_tim.o(i.TIM_SelectSlaveMode), (220 bytes).
    Removing n32g031_tim.o(i.TIM_SetAutoReload), (152 bytes).
    Removing n32g031_tim.o(i.TIM_SetClkDiv), (212 bytes).
    Removing n32g031_tim.o(i.TIM_SetCmp3), (140 bytes).
    Removing n32g031_tim.o(i.TIM_SetCmp4), (144 bytes).
    Removing n32g031_tim.o(i.TIM_SetCmp5), (132 bytes).
    Removing n32g031_tim.o(i.TIM_SetCmp6), (132 bytes).
    Removing n32g031_tim.o(i.TIM_SetCnt), (152 bytes).
    Removing n32g031_tim.o(i.TIM_SetInCap1Prescaler), (216 bytes).
    Removing n32g031_tim.o(i.TIM_SetInCap2Prescaler), (220 bytes).
    Removing n32g031_tim.o(i.TIM_SetInCap3Prescaler), (216 bytes).
    Removing n32g031_tim.o(i.TIM_SetInCap4Prescaler), (220 bytes).
    Removing n32g031_usart.o(.emb_text), (8 bytes).
    Removing n32g031_usart.o(i.USART_ClockInit), (476 bytes).
    Removing n32g031_usart.o(i.USART_ClockStructInit), (12 bytes).
    Removing n32g031_usart.o(i.USART_ClrFlag), (276 bytes).
    Removing n32g031_usart.o(i.USART_ClrIntPendingBit), (300 bytes).
    Removing n32g031_usart.o(i.USART_ConfigInt), (432 bytes).
    Removing n32g031_usart.o(i.USART_ConfigIrDAMode), (212 bytes).
    Removing n32g031_usart.o(i.USART_ConfigLINBreakDetectLength), (240 bytes).
    Removing n32g031_usart.o(i.USART_ConfigWakeUpMode), (216 bytes).
    Removing n32g031_usart.o(i.USART_DeInit), (180 bytes).
    Removing n32g031_usart.o(i.USART_EnableDMA), (268 bytes).
    Removing n32g031_usart.o(i.USART_EnableHalfDuplex), (212 bytes).
    Removing n32g031_usart.o(i.USART_EnableIrDA), (212 bytes).
    Removing n32g031_usart.o(i.USART_EnableLIN), (216 bytes).
    Removing n32g031_usart.o(i.USART_EnableRcvWakeUp), (212 bytes).
    Removing n32g031_usart.o(i.USART_EnableSmartCard), (212 bytes).
    Removing n32g031_usart.o(i.USART_GetIntStatus), (412 bytes).
    Removing n32g031_usart.o(i.USART_ReceiveData), (140 bytes).
    Removing n32g031_usart.o(i.USART_SendBreak), (140 bytes).
    Removing n32g031_usart.o(i.USART_SetAddr), (204 bytes).
    Removing n32g031_usart.o(i.USART_SetGuardTime), (152 bytes).
    Removing n32g031_usart.o(i.USART_SetPrescaler), (152 bytes).
    Removing n32g031_usart.o(i.USART_SetSmartCardNACK), (212 bytes).
    Removing n32g031_usart.o(i.USART_StructInit), (24 bytes).
    Removing n32g031_it.o(.emb_text), (8 bytes).
    Removing n32g031_it.o(i.DMA_IRQ_HANDLER), (2 bytes).
    Removing adc.o(.emb_text), (8 bytes).
    Removing adc.o(i.Bat_GetPercent), (12 bytes).
    Removing gpio.o(.emb_text), (8 bytes).
    Removing key.o(.emb_text), (8 bytes).
    Removing main.o(.emb_text), (8 bytes).
    Removing timer.o(.emb_text), (8 bytes).
    Removing usart.o(.emb_text), (8 bytes).
    Removing pwm.o(.emb_text), (8 bytes).
    Removing user.o(.emb_text), (8 bytes).
    Removing delay.o(.emb_text), (8 bytes).
    Removing delay.o(i.delay_us), (80 bytes).
    Removing nec.o(.emb_text), (8 bytes).
    Removing nec.o(i.NEC_Handle), (68 bytes).
    Removing nec.o(i.NEC_SendFrame), (50 bytes).
    Removing nec.o(i.NEC_SendFrameExt), (42 bytes).
    Removing nec.o(i.NEC_SendRepeat), (26 bytes).
    Removing nec.o(i.NEC_StartRepeatMode), (40 bytes).
    Removing nec.o(i.NEC_StopRepeatMode), (12 bytes).
    Removing dadd.o(.text), (360 bytes).
    Removing ddiv.o(.text), (240 bytes).
    Removing dfixul.o(.text), (64 bytes).
    Removing cdrcmple.o(.text), (40 bytes).

265 unused section(s) (total 50854 bytes) removed from the image.

==============================================================================

Image Symbol Table

    Local Symbols

    Symbol Name                              Value     Ov Type        Size  Object(Section)

    ../clib/microlib/division.c              0x00000000   Number         0  idiv.o ABSOLUTE
    ../clib/microlib/division.c              0x00000000   Number         0  uldiv.o ABSOLUTE
    ../clib/microlib/division.c              0x00000000   Number         0  uidiv.o ABSOLUTE
    ../clib/microlib/init/entry.s            0x00000000   Number         0  entry7a.o ABSOLUTE
    ../clib/microlib/init/entry.s            0x00000000   Number         0  entry10b.o ABSOLUTE
    ../clib/microlib/init/entry.s            0x00000000   Number         0  entry2.o ABSOLUTE
    ../clib/microlib/init/entry.s            0x00000000   Number         0  entry11a.o ABSOLUTE
    ../clib/microlib/init/entry.s            0x00000000   Number         0  entry.o ABSOLUTE
    ../clib/microlib/init/entry.s            0x00000000   Number         0  entry5.o ABSOLUTE
    ../clib/microlib/init/entry.s            0x00000000   Number         0  entry10a.o ABSOLUTE
    ../clib/microlib/init/entry.s            0x00000000   Number         0  entry9b.o ABSOLUTE
    ../clib/microlib/init/entry.s            0x00000000   Number         0  entry9a.o ABSOLUTE
    ../clib/microlib/init/entry.s            0x00000000   Number         0  entry7b.o ABSOLUTE
    ../clib/microlib/init/entry.s            0x00000000   Number         0  entry12b.o ABSOLUTE
    ../clib/microlib/init/entry.s            0x00000000   Number         0  entry12a.o ABSOLUTE
    ../clib/microlib/init/entry.s            0x00000000   Number         0  entry8b.o ABSOLUTE
    ../clib/microlib/init/entry.s            0x00000000   Number         0  entry8a.o ABSOLUTE
    ../clib/microlib/init/entry.s            0x00000000   Number         0  entry11b.o ABSOLUTE
    ../clib/microlib/longlong.c              0x00000000   Number         0  llshl.o ABSOLUTE
    ../clib/microlib/longlong.c              0x00000000   Number         0  llushr.o ABSOLUTE
    ../clib/microlib/longlong.c              0x00000000   Number         0  llsshr.o ABSOLUTE
    ../clib/microlib/printf/printf.c         0x00000000   Number         0  printfa.o ABSOLUTE
    ../clib/microlib/printf/printf.c         0x00000000   Number         0  printf6.o ABSOLUTE
    ../clib/microlib/printf/printf.c         0x00000000   Number         0  printfb.o ABSOLUTE
    ../clib/microlib/printf/printf.c         0x00000000   Number         0  printf3.o ABSOLUTE
    ../clib/microlib/printf/printf.c         0x00000000   Number         0  printf2.o ABSOLUTE
    ../clib/microlib/printf/printf.c         0x00000000   Number         0  printf1.o ABSOLUTE
    ../clib/microlib/printf/printf.c         0x00000000   Number         0  printf0.o ABSOLUTE
    ../clib/microlib/printf/printf.c         0x00000000   Number         0  printf8.o ABSOLUTE
    ../clib/microlib/printf/printf.c         0x00000000   Number         0  printf5.o ABSOLUTE
    ../clib/microlib/printf/printf.c         0x00000000   Number         0  printf4.o ABSOLUTE
    ../clib/microlib/printf/printf.c         0x00000000   Number         0  printf7.o ABSOLUTE
    ../clib/microlib/printf/stubs.s          0x00000000   Number         0  stubs.o ABSOLUTE
    ../clib/microlib/stdio/streams.c         0x00000000   Number         0  stdout.o ABSOLUTE
    ../clib/microlib/stubs.s                 0x00000000   Number         0  iusefp.o ABSOLUTE
    ../fplib/microlib/d2f.c                  0x00000000   Number         0  d2f.o ABSOLUTE
    ../fplib/microlib/f2d.c                  0x00000000   Number         0  f2d.o ABSOLUTE
    ../fplib/microlib/fpadd.c                0x00000000   Number         0  dadd.o ABSOLUTE
    ../fplib/microlib/fpdiv.c                0x00000000   Number         0  fdiv.o ABSOLUTE
    ../fplib/microlib/fpdiv.c                0x00000000   Number         0  ddiv.o ABSOLUTE
    ../fplib/microlib/fpepilogue.c           0x00000000   Number         0  depilogue.o ABSOLUTE
    ../fplib/microlib/fpepilogue.c           0x00000000   Number         0  fepilogue.o ABSOLUTE
    ../fplib/microlib/fpfix.c                0x00000000   Number         0  dfixul.o ABSOLUTE
    ../fplib/microlib/fpfix.c                0x00000000   Number         0  ffixui.o ABSOLUTE
    ../fplib/microlib/fpflt.c                0x00000000   Number         0  ffltui.o ABSOLUTE
    ../fplib/microlib/fpmul.c                0x00000000   Number         0  fmul.o ABSOLUTE
    ../fplib/microlib/fpmul.c                0x00000000   Number         0  dmul.o ABSOLUTE
    ..\..\bsp\src\adc.c                      0x00000000   Number         0  adc.o ABSOLUTE
    ..\..\bsp\src\delay.c                    0x00000000   Number         0  delay.o ABSOLUTE
    ..\..\bsp\src\gpio.c                     0x00000000   Number         0  gpio.o ABSOLUTE
    ..\..\bsp\src\key.c                      0x00000000   Number         0  key.o ABSOLUTE
    ..\..\bsp\src\main.c                     0x00000000   Number         0  main.o ABSOLUTE
    ..\..\bsp\src\nec.c                      0x00000000   Number         0  nec.o ABSOLUTE
    ..\..\bsp\src\pwm.c                      0x00000000   Number         0  pwm.o ABSOLUTE
    ..\..\bsp\src\timer.c                    0x00000000   Number         0  timer.o ABSOLUTE
    ..\..\bsp\src\usart.c                    0x00000000   Number         0  usart.o ABSOLUTE
    ..\..\bsp\src\user.c                     0x00000000   Number         0  user.o ABSOLUTE
    ..\..\firmware\CMSIS\device\startup\startup_n32g031.s 0x00000000   Number         0  startup_n32g031.o ABSOLUTE
    ..\..\firmware\CMSIS\device\system_n32g031.c 0x00000000   Number         0  system_n32g031.o ABSOLUTE
    ..\..\firmware\n32g031_std_periph_driver\src\misc.c 0x00000000   Number         0  misc.o ABSOLUTE
    ..\..\firmware\n32g031_std_periph_driver\src\n32g031_adc.c 0x00000000   Number         0  n32g031_adc.o ABSOLUTE
    ..\..\firmware\n32g031_std_periph_driver\src\n32g031_gpio.c 0x00000000   Number         0  n32g031_gpio.o ABSOLUTE
    ..\..\firmware\n32g031_std_periph_driver\src\n32g031_it.c 0x00000000   Number         0  n32g031_it.o ABSOLUTE
    ..\..\firmware\n32g031_std_periph_driver\src\n32g031_rcc.c 0x00000000   Number         0  n32g031_rcc.o ABSOLUTE
    ..\..\firmware\n32g031_std_periph_driver\src\n32g031_spi.c 0x00000000   Number         0  n32g031_spi.o ABSOLUTE
    ..\..\firmware\n32g031_std_periph_driver\src\n32g031_sqrt.c 0x00000000   Number         0  n32g031_sqrt.o ABSOLUTE
    ..\..\firmware\n32g031_std_periph_driver\src\n32g031_tim.c 0x00000000   Number         0  n32g031_tim.o ABSOLUTE
    ..\..\firmware\n32g031_std_periph_driver\src\n32g031_usart.c 0x00000000   Number         0  n32g031_usart.o ABSOLUTE
    ..\\..\\bsp\\src\\adc.c                  0x00000000   Number         0  adc.o ABSOLUTE
    ..\\..\\bsp\\src\\delay.c                0x00000000   Number         0  delay.o ABSOLUTE
    ..\\..\\bsp\\src\\gpio.c                 0x00000000   Number         0  gpio.o ABSOLUTE
    ..\\..\\bsp\\src\\key.c                  0x00000000   Number         0  key.o ABSOLUTE
    ..\\..\\bsp\\src\\main.c                 0x00000000   Number         0  main.o ABSOLUTE
    ..\\..\\bsp\\src\\nec.c                  0x00000000   Number         0  nec.o ABSOLUTE
    ..\\..\\bsp\\src\\pwm.c                  0x00000000   Number         0  pwm.o ABSOLUTE
    ..\\..\\bsp\\src\\timer.c                0x00000000   Number         0  timer.o ABSOLUTE
    ..\\..\\bsp\\src\\usart.c                0x00000000   Number         0  usart.o ABSOLUTE
    ..\\..\\bsp\\src\\user.c                 0x00000000   Number         0  user.o ABSOLUTE
    ..\\..\\firmware\\CMSIS\\device\\system_n32g031.c 0x00000000   Number         0  system_n32g031.o ABSOLUTE
    ..\\..\\firmware\\n32g031_std_periph_driver\\src\\misc.c 0x00000000   Number         0  misc.o ABSOLUTE
    ..\\..\\firmware\\n32g031_std_periph_driver\\src\\n32g031_adc.c 0x00000000   Number         0  n32g031_adc.o ABSOLUTE
    ..\\..\\firmware\\n32g031_std_periph_driver\\src\\n32g031_gpio.c 0x00000000   Number         0  n32g031_gpio.o ABSOLUTE
    ..\\..\\firmware\\n32g031_std_periph_driver\\src\\n32g031_it.c 0x00000000   Number         0  n32g031_it.o ABSOLUTE
    ..\\..\\firmware\\n32g031_std_periph_driver\\src\\n32g031_rcc.c 0x00000000   Number         0  n32g031_rcc.o ABSOLUTE
    ..\\..\\firmware\\n32g031_std_periph_driver\\src\\n32g031_spi.c 0x00000000   Number         0  n32g031_spi.o ABSOLUTE
    ..\\..\\firmware\\n32g031_std_periph_driver\\src\\n32g031_sqrt.c 0x00000000   Number         0  n32g031_sqrt.o ABSOLUTE
    ..\\..\\firmware\\n32g031_std_periph_driver\\src\\n32g031_tim.c 0x00000000   Number         0  n32g031_tim.o ABSOLUTE
    ..\\..\\firmware\\n32g031_std_periph_driver\\src\\n32g031_usart.c 0x00000000   Number         0  n32g031_usart.o ABSOLUTE
    cdrcmple.s                               0x00000000   Number         0  cdrcmple.o ABSOLUTE
    dc.s                                     0x00000000   Number         0  dc.o ABSOLUTE
    handlers.s                               0x00000000   Number         0  handlers.o ABSOLUTE
    init.s                                   0x00000000   Number         0  init.o ABSOLUTE
    RESET                                    0x08000000   Section      192  startup_n32g031.o(RESET)
    .ARM.Collect$$$$00000000                 0x080000c0   Section        0  entry.o(.ARM.Collect$$$$00000000)
    .ARM.Collect$$$$00000001                 0x080000c0   Section        4  entry2.o(.ARM.Collect$$$$00000001)
    .ARM.Collect$$$$00000004                 0x080000c4   Section        4  entry5.o(.ARM.Collect$$$$00000004)
    .ARM.Collect$$$$00000008                 0x080000c8   Section        0  entry7b.o(.ARM.Collect$$$$00000008)
    .ARM.Collect$$$$0000000A                 0x080000c8   Section        0  entry8b.o(.ARM.Collect$$$$0000000A)
    .ARM.Collect$$$$0000000B                 0x080000c8   Section        8  entry9a.o(.ARM.Collect$$$$0000000B)
    .ARM.Collect$$$$0000000E                 0x080000d0   Section        4  entry12b.o(.ARM.Collect$$$$0000000E)
    .ARM.Collect$$$$0000000F                 0x080000d4   Section        0  entry10a.o(.ARM.Collect$$$$0000000F)
    .ARM.Collect$$$$00000011                 0x080000d4   Section        0  entry11a.o(.ARM.Collect$$$$00000011)
    .ARM.Collect$$$$00002712                 0x080000d4   Section        4  entry2.o(.ARM.Collect$$$$00002712)
    __lit__00000000                          0x080000d4   Data           4  entry2.o(.ARM.Collect$$$$00002712)
    .text                                    0x080000d8   Section       28  startup_n32g031.o(.text)
    .text                                    0x080000f4   Section        0  uidiv.o(.text)
    .text                                    0x08000120   Section        0  idiv.o(.text)
    .text                                    0x08000148   Section        0  fmul.o(.text)
    .text                                    0x080001c2   Section        0  fdiv.o(.text)
    .text                                    0x08000240   Section        0  dmul.o(.text)
    .text                                    0x08000310   Section        0  ffltui.o(.text)
    .text                                    0x0800031e   Section        0  ffixui.o(.text)
    .text                                    0x08000346   Section        0  f2d.o(.text)
    .text                                    0x0800036e   Section        0  d2f.o(.text)
    .text                                    0x080003a6   Section        0  fepilogue.o(.text)
    .text                                    0x080003a6   Section        0  iusefp.o(.text)
    .text                                    0x08000428   Section        0  depilogue.o(.text)
    .text                                    0x080004e8   Section       36  init.o(.text)
    .text                                    0x0800050c   Section        0  llshl.o(.text)
    .text                                    0x0800052c   Section        0  llushr.o(.text)
    i.ADC_AHB_Clock_Mode_Config              0x0800054e   Section        0  n32g031_adc.o(i.ADC_AHB_Clock_Mode_Config)
    i.ADC_Average                            0x08000558   Section        0  adc.o(i.ADC_Average)
    ADC_Average                              0x08000559   Thumb Code    38  adc.o(i.ADC_Average)
    i.ADC_ClearFlag                          0x08000580   Section        0  n32g031_adc.o(i.ADC_ClearFlag)
    i.ADC_ConfigClk                          0x0800062c   Section        0  n32g031_adc.o(i.ADC_ConfigClk)
    i.ADC_ConfigRegularChannel               0x08000668   Section        0  n32g031_adc.o(i.ADC_ConfigRegularChannel)
    i.ADC_Enable                             0x080008d4   Section        0  n32g031_adc.o(i.ADC_Enable)
    i.ADC_EnableSoftwareStartConv            0x0800098c   Section        0  n32g031_adc.o(i.ADC_EnableSoftwareStartConv)
    i.ADC_GetDat                             0x08000a48   Section        0  n32g031_adc.o(i.ADC_GetDat)
    i.ADC_GetData                            0x08000abc   Section        0  adc.o(i.ADC_GetData)
    i.ADC_GetFlagStatus                      0x08000b04   Section        0  n32g031_adc.o(i.ADC_GetFlagStatus)
    i.ADC_GetFlagStatusNew                   0x08000bcc   Section        0  n32g031_adc.o(i.ADC_GetFlagStatusNew)
    i.ADC_Init                               0x08000c98   Section        0  n32g031_adc.o(i.ADC_Init)
    i.ADC_PLL_Clock_Mode_Config              0x08000edc   Section        0  n32g031_adc.o(i.ADC_PLL_Clock_Mode_Config)
    i.ADC_Scan                               0x08000ee8   Section        0  adc.o(i.ADC_Scan)
    i.Adc_Init                               0x08000ff0   Section        0  adc.o(i.Adc_Init)
    i.App_Handle                             0x08001090   Section        0  user.o(i.App_Handle)
    i.Bat_Update                             0x0800141c   Section        0  adc.o(i.Bat_Update)
    Bat_Update                               0x0800141d   Thumb Code   254  adc.o(i.Bat_Update)
    i.Beep_init                              0x08001548   Section        0  pwm.o(i.Beep_init)
    i.GPIO_Init                              0x080015d8   Section        0  gpio.o(i.GPIO_Init)
    i.GPIO_InitPeripheral                    0x08001664   Section        0  n32g031_gpio.o(i.GPIO_InitPeripheral)
    i.GPIO_InitStruct                        0x08001b30   Section        0  n32g031_gpio.o(i.GPIO_InitStruct)
    i.GPIO_ReadInputDataBit                  0x08001b4c   Section        0  n32g031_gpio.o(i.GPIO_ReadInputDataBit)
    i.GPIO_ResetBits                         0x08001c8c   Section        0  n32g031_gpio.o(i.GPIO_ResetBits)
    i.GPIO_SetBits                           0x08001dbc   Section        0  n32g031_gpio.o(i.GPIO_SetBits)
    i.GPIO_TogglePin                         0x08001eec   Section        0  n32g031_gpio.o(i.GPIO_TogglePin)
    i.HardFault_Handler                      0x08001fe0   Section        0  n32g031_it.o(i.HardFault_Handler)
    i.IRM_Init                               0x08001fe4   Section        0  pwm.o(i.IRM_Init)
    i.Key_Init                               0x08002090   Section        0  key.o(i.Key_Init)
    i.Key_Scan                               0x080020c0   Section        0  key.o(i.Key_Scan)
    i.LPTIM_TIM6_IRQHandler                  0x080021d0   Section        0  timer.o(i.LPTIM_TIM6_IRQHandler)
    i.Led1_Update                            0x08002260   Section        0  user.o(i.Led1_Update)
    Led1_Update                              0x08002261   Thumb Code   102  user.o(i.Led1_Update)
    i.Mode_Next                              0x080022d4   Section        0  user.o(i.Mode_Next)
    Mode_Next                                0x080022d5   Thumb Code    54  user.o(i.Mode_Next)
    i.Mode_ShowLed                           0x08002310   Section        0  user.o(i.Mode_ShowLed)
    Mode_ShowLed                             0x08002311   Thumb Code   128  user.o(i.Mode_ShowLed)
    i.NEC_CarrierOff                         0x0800239c   Section        0  nec.o(i.NEC_CarrierOff)
    NEC_CarrierOff                           0x0800239d   Thumb Code    12  nec.o(i.NEC_CarrierOff)
    i.NEC_CarrierOn                          0x080023ac   Section        0  nec.o(i.NEC_CarrierOn)
    NEC_CarrierOn                            0x080023ad   Thumb Code    12  nec.o(i.NEC_CarrierOn)
    i.NEC_Init                               0x080023bc   Section        0  nec.o(i.NEC_Init)
    i.NEC_IsBusy                             0x08002400   Section        0  nec.o(i.NEC_IsBusy)
    i.NEC_RxInit                             0x08002414   Section        0  nec.o(i.NEC_RxInit)
    i.NEC_RxSeen                             0x08002444   Section        0  nec.o(i.NEC_RxSeen)
    i.NEC_SendFrameVerify                    0x08002450   Section        0  nec.o(i.NEC_SendFrameVerify)
    i.NEC_Start                              0x08002484   Section        0  nec.o(i.NEC_Start)
    NEC_Start                                0x08002485   Thumb Code    80  nec.o(i.NEC_Start)
    i.NEC_Ticks                              0x08002500   Section        0  nec.o(i.NEC_Ticks)
    NEC_Ticks                                0x08002501   Thumb Code    52  nec.o(i.NEC_Ticks)
    i.NMI_Handler                            0x08002538   Section        0  n32g031_it.o(i.NMI_Handler)
    i.NVIC_Init                              0x0800253c   Section        0  misc.o(i.NVIC_Init)
    i.NVIC_SetPriority                       0x08002658   Section        0  misc.o(i.NVIC_SetPriority)
    NVIC_SetPriority                         0x08002659   Thumb Code   110  misc.o(i.NVIC_SetPriority)
    i.PendSV_Handler                         0x080026d0   Section        0  n32g031_it.o(i.PendSV_Handler)
    i.RCC_ConfigAdc1mClk                     0x080026d4   Section        0  n32g031_rcc.o(i.RCC_ConfigAdc1mClk)
    i.RCC_ConfigAdcHclk                      0x080028b8   Section        0  n32g031_rcc.o(i.RCC_ConfigAdcHclk)
    i.RCC_ConfigAdcPllClk                    0x0800297c   Section        0  n32g031_rcc.o(i.RCC_ConfigAdcPllClk)
    i.RCC_ConfigPclk1                        0x08002ad4   Section        0  n32g031_rcc.o(i.RCC_ConfigPclk1)
    i.RCC_EnableAHBPeriphClk                 0x08002b84   Section        0  n32g031_rcc.o(i.RCC_EnableAHBPeriphClk)
    i.RCC_EnableAPB1PeriphClk                0x08002c5c   Section        0  n32g031_rcc.o(i.RCC_EnableAPB1PeriphClk)
    i.RCC_EnableAPB2PeriphClk                0x08002d34   Section        0  n32g031_rcc.o(i.RCC_EnableAPB2PeriphClk)
    i.RCC_EnableHsi                          0x08002e0c   Section        0  n32g031_rcc.o(i.RCC_EnableHsi)
    i.RCC_GetClocksFreqValue                 0x08002ea4   Section        0  n32g031_rcc.o(i.RCC_GetClocksFreqValue)
    i.RCC_GetFlagStatus                      0x08003024   Section        0  n32g031_rcc.o(i.RCC_GetFlagStatus)
    i.RCC_WaitHsiStable                      0x08003108   Section        0  n32g031_rcc.o(i.RCC_WaitHsiStable)
    i.SVC_Handler                            0x08003144   Section        0  n32g031_it.o(i.SVC_Handler)
    i.SetSysClock                            0x08003148   Section        0  system_n32g031.o(i.SetSysClock)
    SetSysClock                              0x08003149   Thumb Code   214  system_n32g031.o(i.SetSysClock)
    i.SysTick_CLKSourceConfig                0x08003230   Section        0  misc.o(i.SysTick_CLKSourceConfig)
    i.SysTick_Handler                        0x080032d0   Section        0  n32g031_it.o(i.SysTick_Handler)
    i.SystemInit                             0x080032d4   Section        0  system_n32g031.o(i.SystemInit)
    i.TIM1_BRK_UP_TRG_COM_IRQHandler         0x08003348   Section        0  nec.o(i.TIM1_BRK_UP_TRG_COM_IRQHandler)
    i.TIMER_Init                             0x080034bc   Section        0  timer.o(i.TIMER_Init)
    i.TIM_ClearFlag                          0x0800351c   Section        0  n32g031_tim.o(i.TIM_ClearFlag)
    i.TIM_ConfigArPreload                    0x080035e8   Section        0  n32g031_tim.o(i.TIM_ConfigArPreload)
    i.TIM_ConfigInt                          0x080036c4   Section        0  n32g031_tim.o(i.TIM_ConfigInt)
    i.TIM_ConfigOc1Preload                   0x080037d0   Section        0  n32g031_tim.o(i.TIM_ConfigOc1Preload)
    i.TIM_ConfigOc2Preload                   0x080038a8   Section        0  n32g031_tim.o(i.TIM_ConfigOc2Preload)
    i.TIM_Enable                             0x08003980   Section        0  n32g031_tim.o(i.TIM_Enable)
    i.TIM_EnableCtrlPwmOutputs               0x08003a5c   Section        0  n32g031_tim.o(i.TIM_EnableCtrlPwmOutputs)
    i.TIM_GetIntStatus                       0x08003b30   Section        0  n32g031_tim.o(i.TIM_GetIntStatus)
    i.TIM_InitOc1                            0x08003c30   Section        0  n32g031_tim.o(i.TIM_InitOc1)
    i.TIM_InitOc2                            0x08003f6c   Section        0  n32g031_tim.o(i.TIM_InitOc2)
    i.TIM_InitOcStruct                       0x080042bc   Section        0  n32g031_tim.o(i.TIM_InitOcStruct)
    i.TIM_InitTimBaseStruct                  0x080042d0   Section        0  n32g031_tim.o(i.TIM_InitTimBaseStruct)
    i.TIM_InitTimeBase                       0x080042ec   Section        0  n32g031_tim.o(i.TIM_InitTimeBase)
    i.TIM_SetCmp1                            0x08004528   Section        0  n32g031_tim.o(i.TIM_SetCmp1)
    i.TIM_SetCmp2                            0x080045b4   Section        0  n32g031_tim.o(i.TIM_SetCmp2)
    i.Treat_Start                            0x08004640   Section        0  user.o(i.Treat_Start)
    Treat_Start                              0x08004641   Thumb Code    62  user.o(i.Treat_Start)
    i.Treat_Stop                             0x08004690   Section        0  user.o(i.Treat_Stop)
    Treat_Stop                               0x08004691   Thumb Code    24  user.o(i.Treat_Stop)
    i.Treat_Tick                             0x080046b4   Section        0  user.o(i.Treat_Tick)
    Treat_Tick                               0x080046b5   Thumb Code   156  user.o(i.Treat_Tick)
    i.USART_Enable                           0x08004760   Section        0  n32g031_usart.o(i.USART_Enable)
    i.USART_GetFlagStatus                    0x08004834   Section        0  n32g031_usart.o(i.USART_GetFlagStatus)
    i.USART_Init                             0x08004964   Section        0  n32g031_usart.o(i.USART_Init)
    i.USART_SendData                         0x08004c88   Section        0  n32g031_usart.o(i.USART_SendData)
    i.Usart_Init                             0x08004d40   Section        0  usart.o(i.Usart_Init)
    i.VCSEL_init                             0x08004db8   Section        0  pwm.o(i.VCSEL_init)
    i.Wear_IsOn                              0x08004e5c   Section        0  user.o(i.Wear_IsOn)
    i.Wear_Update                            0x08004e6c   Section        0  user.o(i.Wear_Update)
    Wear_Update                              0x08004e6d   Thumb Code   186  user.o(i.Wear_Update)
    i.__0printf$3                            0x08004f68   Section        0  printf3.o(i.__0printf$3)
    i.__ARM_clz                              0x08004f88   Section        0  depilogue.o(i.__ARM_clz)
    i.__ARM_common_switch8                   0x08004fb6   Section        0  nec.o(i.__ARM_common_switch8)
    i.__scatterload_copy                     0x08004fd2   Section       14  handlers.o(i.__scatterload_copy)
    i.__scatterload_null                     0x08004fe0   Section        2  handlers.o(i.__scatterload_null)
    i.__scatterload_zeroinit                 0x08004fe2   Section       14  handlers.o(i.__scatterload_zeroinit)
    i._printf_core                           0x08004ff0   Section        0  printf3.o(i._printf_core)
    _printf_core                             0x08004ff1   Thumb Code   456  printf3.o(i._printf_core)
    i.assert_failed                          0x080051bc   Section        0  main.o(i.assert_failed)
    i.delay_init                             0x080051c0   Section        0  delay.o(i.delay_init)
    i.delay_ms                               0x080051f8   Section        0  delay.o(i.delay_ms)
    i.fputc                                  0x08005248   Section        0  usart.o(i.fputc)
    i.main                                   0x0800526c   Section        0  main.o(i.main)
    .constdata                               0x080052c0   Section       64  n32g031_rcc.o(.constdata)
    s_ApbAhbPresTable                        0x080052c0   Data          16  n32g031_rcc.o(.constdata)
    s_AdcHclkPresTable                       0x080052d0   Data          16  n32g031_rcc.o(.constdata)
    s_AdcPllClkPresTable                     0x080052e0   Data          32  n32g031_rcc.o(.constdata)
    .constdata                               0x08005300   Section       23  user.o(.constdata)
    __func__                                 0x08005300   Data          12  user.o(.constdata)
    __func__                                 0x0800530c   Data          11  user.o(.constdata)
    .conststring                             0x08005318   Section       70  n32g031_usart.o(.conststring)
    .data                                    0x20000000   Section        4  system_n32g031.o(.data)
    .data                                    0x20000004   Section       12  adc.o(.data)
    BatPercent                               0x2000000a   Data           1  adc.o(.data)
    BatLowCnt                                0x2000000b   Data           1  adc.o(.data)
    BatEmptyCnt                              0x2000000c   Data           1  adc.o(.data)
    .data                                    0x20000010   Section        4  key.o(.data)
    pre                                      0x20000012   Data           1  key.o(.data)
    rec                                      0x20000013   Data           1  key.o(.data)
    .data                                    0x20000014   Section       24  main.o(.data)
    .data                                    0x2000002c   Section        2  timer.o(.data)
    .data                                    0x2000002e   Section       10  user.o(.data)
    NecFramePending                          0x2000002f   Data           1  user.o(.data)
    WearOnCnt                                0x20000031   Data           1  user.o(.data)
    WearOffCnt                               0x20000032   Data           1  user.o(.data)
    WearLinkOk                               0x20000033   Data           1  user.o(.data)
    WearLinkCnt                              0x20000034   Data           1  user.o(.data)
    .data                                    0x20000038   Section        4  delay.o(.data)
    fac_us                                   0x20000038   Data           1  delay.o(.data)
    fac_ms                                   0x2000003a   Data           2  delay.o(.data)
    .data                                    0x2000003c   Section       23  nec.o(.data)
    NecState                                 0x2000003c   Data           1  nec.o(.data)
    NecTicks                                 0x2000003e   Data           2  nec.o(.data)
    NecData                                  0x20000040   Data           4  nec.o(.data)
    NecBitIdx                                0x20000044   Data           1  nec.o(.data)
    NecBitTotal                              0x20000045   Data           1  nec.o(.data)
    NecErr                                   0x20000046   Data           2  nec.o(.data)
    NecRxSeen                                0x20000048   Data           1  nec.o(.data)
    NecRxSettle                              0x2000004a   Data           2  nec.o(.data)
    NecVerify                                0x2000004c   Data           1  nec.o(.data)
    NecAutoRepeat                            0x20000050   Data           1  nec.o(.data)
    NecAutoAddr                              0x20000051   Data           1  nec.o(.data)
    NecAutoCmd                               0x20000052   Data           1  nec.o(.data)
    .data                                    0x20000054   Section        4  stdout.o(.data)
    STACK                                    0x20000058   Section     1024  startup_n32g031.o(STACK)

    Global Symbols

    Symbol Name                              Value     Ov Type        Size  Object(Section)

    BuildAttributes$$THM_ISAv3M$S$PE$A:L22$X:L11$S22$IEEE1$IW$USESV6$~STKCKD$USESV7$~SHL$OTIME$ROPI$EBA8$MICROLIB$REQ8$PRES8$EABIv2 0x00000000   Number         0  anon$$obj.o ABSOLUTE
    __ARM_use_no_argv                        0x00000000   Number         0  main.o ABSOLUTE
    _printf_a                                0x00000000   Number         0  stubs.o ABSOLUTE
    _printf_c                                0x00000000   Number         0  stubs.o ABSOLUTE
    _printf_charcount                        0x00000000   Number         0  stubs.o ABSOLUTE
    _printf_d                                0x00000000   Number         0  stubs.o ABSOLUTE
    _printf_e                                0x00000000   Number         0  stubs.o ABSOLUTE
    _printf_f                                0x00000000   Number         0  stubs.o ABSOLUTE
    _printf_flags                            0x00000000   Number         0  stubs.o ABSOLUTE
    _printf_fp_dec                           0x00000000   Number         0  stubs.o ABSOLUTE
    _printf_fp_hex                           0x00000000   Number         0  stubs.o ABSOLUTE
    _printf_g                                0x00000000   Number         0  stubs.o ABSOLUTE
    _printf_i                                0x00000000   Number         0  stubs.o ABSOLUTE
    _printf_int_dec                          0x00000000   Number         0  stubs.o ABSOLUTE
    _printf_l                                0x00000000   Number         0  stubs.o ABSOLUTE
    _printf_lc                               0x00000000   Number         0  stubs.o ABSOLUTE
    _printf_ll                               0x00000000   Number         0  stubs.o ABSOLUTE
    _printf_lld                              0x00000000   Number         0  stubs.o ABSOLUTE
    _printf_lli                              0x00000000   Number         0  stubs.o ABSOLUTE
    _printf_llo                              0x00000000   Number         0  stubs.o ABSOLUTE
    _printf_llu                              0x00000000   Number         0  stubs.o ABSOLUTE
    _printf_llx                              0x00000000   Number         0  stubs.o ABSOLUTE
    _printf_longlong_dec                     0x00000000   Number         0  stubs.o ABSOLUTE
    _printf_longlong_hex                     0x00000000   Number         0  stubs.o ABSOLUTE
    _printf_longlong_oct                     0x00000000   Number         0  stubs.o ABSOLUTE
    _printf_ls                               0x00000000   Number         0  stubs.o ABSOLUTE
    _printf_mbtowc                           0x00000000   Number         0  stubs.o ABSOLUTE
    _printf_n                                0x00000000   Number         0  stubs.o ABSOLUTE
    _printf_o                                0x00000000   Number         0  stubs.o ABSOLUTE
    _printf_p                                0x00000000   Number         0  stubs.o ABSOLUTE
    _printf_percent                          0x00000000   Number         0  stubs.o ABSOLUTE
    _printf_pre_padding                      0x00000000   Number         0  stubs.o ABSOLUTE
    _printf_return_value                     0x00000000   Number         0  stubs.o ABSOLUTE
    _printf_s                                0x00000000   Number         0  stubs.o ABSOLUTE
    _printf_sizespec                         0x00000000   Number         0  stubs.o ABSOLUTE
    _printf_str                              0x00000000   Number         0  stubs.o ABSOLUTE
    _printf_truncate_signed                  0x00000000   Number         0  stubs.o ABSOLUTE
    _printf_truncate_unsigned                0x00000000   Number         0  stubs.o ABSOLUTE
    _printf_u                                0x00000000   Number         0  stubs.o ABSOLUTE
    _printf_wc                               0x00000000   Number         0  stubs.o ABSOLUTE
    _printf_wctomb                           0x00000000   Number         0  stubs.o ABSOLUTE
    _printf_widthprec                        0x00000000   Number         0  stubs.o ABSOLUTE
    _printf_x                                0x00000000   Number         0  stubs.o ABSOLUTE
    __arm_fini_                               - Undefined Weak Reference
    __cpp_initialize__aeabi_                  - Undefined Weak Reference
    __cxa_finalize                            - Undefined Weak Reference
    __decompress                              - Undefined Weak Reference
    _clock_init                               - Undefined Weak Reference
    _microlib_exit                            - Undefined Weak Reference
    __Vectors_Size                           0x000000c0   Number         0  startup_n32g031.o ABSOLUTE
    __Vectors                                0x08000000   Data           4  startup_n32g031.o(RESET)
    __Vectors_End                            0x080000c0   Data           0  startup_n32g031.o(RESET)
    __main                                   0x080000c1   Thumb Code     0  entry.o(.ARM.Collect$$$$00000000)
    _main_stk                                0x080000c1   Thumb Code     0  entry2.o(.ARM.Collect$$$$00000001)
    _main_scatterload                        0x080000c5   Thumb Code     0  entry5.o(.ARM.Collect$$$$00000004)
    __main_after_scatterload                 0x080000c9   Thumb Code     0  entry5.o(.ARM.Collect$$$$00000004)
    _main_clock                              0x080000c9   Thumb Code     0  entry7b.o(.ARM.Collect$$$$00000008)
    _main_cpp_init                           0x080000c9   Thumb Code     0  entry8b.o(.ARM.Collect$$$$0000000A)
    _main_init                               0x080000c9   Thumb Code     0  entry9a.o(.ARM.Collect$$$$0000000B)
    __rt_lib_shutdown_fini                   0x080000d1   Thumb Code     0  entry12b.o(.ARM.Collect$$$$0000000E)
    __rt_final_cpp                           0x080000d5   Thumb Code     0  entry10a.o(.ARM.Collect$$$$0000000F)
    __rt_final_exit                          0x080000d5   Thumb Code     0  entry11a.o(.ARM.Collect$$$$00000011)
    Reset_Handler                            0x080000d9   Thumb Code     8  startup_n32g031.o(.text)
    ADC_IRQHandler                           0x080000eb   Thumb Code     0  startup_n32g031.o(.text)
    COMP_IRQHandler                          0x080000eb   Thumb Code     0  startup_n32g031.o(.text)
    DMA_Channel1_2_3_4_IRQHandler            0x080000eb   Thumb Code     0  startup_n32g031.o(.text)
    DMA_Channel1_2_IRQHandler                0x080000eb   Thumb Code     0  startup_n32g031.o(.text)
    DMA_Channel3_4_IRQHandler                0x080000eb   Thumb Code     0  startup_n32g031.o(.text)
    DMA_Channel5_IRQHandler                  0x080000eb   Thumb Code     0  startup_n32g031.o(.text)
    EXTI0_1_IRQHandler                       0x080000eb   Thumb Code     0  startup_n32g031.o(.text)
    EXTI2_3_IRQHandler                       0x080000eb   Thumb Code     0  startup_n32g031.o(.text)
    EXTI4_15_IRQHandler                      0x080000eb   Thumb Code     0  startup_n32g031.o(.text)
    FLASH_IRQHandler                         0x080000eb   Thumb Code     0  startup_n32g031.o(.text)
    HDIV_SQRT_IRQHandler                     0x080000eb   Thumb Code     0  startup_n32g031.o(.text)
    I2C1_IRQHandler                          0x080000eb   Thumb Code     0  startup_n32g031.o(.text)
    I2C2_IRQHandler                          0x080000eb   Thumb Code     0  startup_n32g031.o(.text)
    LPUART_IRQHandler                        0x080000eb   Thumb Code     0  startup_n32g031.o(.text)
    MMU_IRQHandler                           0x080000eb   Thumb Code     0  startup_n32g031.o(.text)
    PVD_IRQHandler                           0x080000eb   Thumb Code     0  startup_n32g031.o(.text)
    RAMC_PERR_IRQHandler                     0x080000eb   Thumb Code     0  startup_n32g031.o(.text)
    RCC_IRQHandler                           0x080000eb   Thumb Code     0  startup_n32g031.o(.text)
    RESERVE9_IRQHandler                      0x080000eb   Thumb Code     0  startup_n32g031.o(.text)
    RTC_IRQHandler                           0x080000eb   Thumb Code     0  startup_n32g031.o(.text)
    SPI1_IRQHandler                          0x080000eb   Thumb Code     0  startup_n32g031.o(.text)
    SPI2_IRQHandler                          0x080000eb   Thumb Code     0  startup_n32g031.o(.text)
    TIM1_CC_IRQHandler                       0x080000eb   Thumb Code     0  startup_n32g031.o(.text)
    TIM3_IRQHandler                          0x080000eb   Thumb Code     0  startup_n32g031.o(.text)
    TIM8_BRK_UP_TRG_COM_IRQHandler           0x080000eb   Thumb Code     0  startup_n32g031.o(.text)
    TIM8_CC_IRQHandler                       0x080000eb   Thumb Code     0  startup_n32g031.o(.text)
    USART1_2_IRQHandler                      0x080000eb   Thumb Code     0  startup_n32g031.o(.text)
    USART1_IRQHandler                        0x080000eb   Thumb Code     0  startup_n32g031.o(.text)
    USART2_IRQHandler                        0x080000eb   Thumb Code     0  startup_n32g031.o(.text)
    WWDG_IRQHandler                          0x080000eb   Thumb Code     0  startup_n32g031.o(.text)
    __aeabi_uidiv                            0x080000f5   Thumb Code     0  uidiv.o(.text)
    __aeabi_uidivmod                         0x080000f5   Thumb Code    44  uidiv.o(.text)
    __aeabi_idiv                             0x08000121   Thumb Code     0  idiv.o(.text)
    __aeabi_idivmod                          0x08000121   Thumb Code    40  idiv.o(.text)
    __aeabi_fmul                             0x08000149   Thumb Code   122  fmul.o(.text)
    __aeabi_fdiv                             0x080001c3   Thumb Code   124  fdiv.o(.text)
    __aeabi_dmul                             0x08000241   Thumb Code   202  dmul.o(.text)
    __aeabi_ui2f                             0x08000311   Thumb Code    14  ffltui.o(.text)
    __aeabi_f2uiz                            0x0800031f   Thumb Code    40  ffixui.o(.text)
    __aeabi_f2d                              0x08000347   Thumb Code    40  f2d.o(.text)
    __aeabi_d2f                              0x0800036f   Thumb Code    56  d2f.o(.text)
    __I$use$fp                               0x080003a7   Thumb Code     0  iusefp.o(.text)
    _float_round                             0x080003a7   Thumb Code    16  fepilogue.o(.text)
    _float_epilogue                          0x080003b7   Thumb Code   114  fepilogue.o(.text)
    _double_round                            0x08000429   Thumb Code    26  depilogue.o(.text)
    _double_epilogue                         0x08000443   Thumb Code   164  depilogue.o(.text)
    __scatterload                            0x080004e9   Thumb Code    28  init.o(.text)
    __scatterload_rt2                        0x080004e9   Thumb Code     0  init.o(.text)
    __aeabi_llsl                             0x0800050d   Thumb Code    32  llshl.o(.text)
    _ll_shift_l                              0x0800050d   Thumb Code     0  llshl.o(.text)
    __aeabi_llsr                             0x0800052d   Thumb Code    34  llushr.o(.text)
    _ll_ushift_r                             0x0800052d   Thumb Code     0  llushr.o(.text)
    ADC_AHB_Clock_Mode_Config                0x0800054f   Thumb Code    10  n32g031_adc.o(i.ADC_AHB_Clock_Mode_Config)
    ADC_ClearFlag                            0x08000581   Thumb Code    58  n32g031_adc.o(i.ADC_ClearFlag)
    ADC_ConfigClk                            0x0800062d   Thumb Code    56  n32g031_adc.o(i.ADC_ConfigClk)
    ADC_ConfigRegularChannel                 0x08000669   Thumb Code   446  n32g031_adc.o(i.ADC_ConfigRegularChannel)
    ADC_Enable                               0x080008d5   Thumb Code    72  n32g031_adc.o(i.ADC_Enable)
    ADC_EnableSoftwareStartConv              0x0800098d   Thumb Code    76  n32g031_adc.o(i.ADC_EnableSoftwareStartConv)
    ADC_GetDat                               0x08000a49   Thumb Code    28  n32g031_adc.o(i.ADC_GetDat)
    ADC_GetData                              0x08000abd   Thumb Code    66  adc.o(i.ADC_GetData)
    ADC_GetFlagStatus                        0x08000b05   Thumb Code    86  n32g031_adc.o(i.ADC_GetFlagStatus)
    ADC_GetFlagStatusNew                     0x08000bcd   Thumb Code    86  n32g031_adc.o(i.ADC_GetFlagStatusNew)
    ADC_Init                                 0x08000c99   Thumb Code   262  n32g031_adc.o(i.ADC_Init)
    ADC_PLL_Clock_Mode_Config                0x08000edd   Thumb Code    10  n32g031_adc.o(i.ADC_PLL_Clock_Mode_Config)
    ADC_Scan                                 0x08000ee9   Thumb Code   236  adc.o(i.ADC_Scan)
    Adc_Init                                 0x08000ff1   Thumb Code   152  adc.o(i.Adc_Init)
    App_Handle                               0x08001091   Thumb Code   776  user.o(i.App_Handle)
    Beep_init                                0x08001549   Thumb Code   134  pwm.o(i.Beep_init)
    GPIO_Init                                0x080015d9   Thumb Code   122  gpio.o(i.GPIO_Init)
    GPIO_InitPeripheral                      0x08001665   Thumb Code   810  n32g031_gpio.o(i.GPIO_InitPeripheral)
    GPIO_InitStruct                          0x08001b31   Thumb Code    24  n32g031_gpio.o(i.GPIO_InitStruct)
    GPIO_ReadInputDataBit                    0x08001b4d   Thumb Code   174  n32g031_gpio.o(i.GPIO_ReadInputDataBit)
    GPIO_ResetBits                           0x08001c8d   Thumb Code   158  n32g031_gpio.o(i.GPIO_ResetBits)
    GPIO_SetBits                             0x08001dbd   Thumb Code   158  n32g031_gpio.o(i.GPIO_SetBits)
    GPIO_TogglePin                           0x08001eed   Thumb Code   122  n32g031_gpio.o(i.GPIO_TogglePin)
    HardFault_Handler                        0x08001fe1   Thumb Code     4  n32g031_it.o(i.HardFault_Handler)
    IRM_Init                                 0x08001fe5   Thumb Code   162  pwm.o(i.IRM_Init)
    Key_Init                                 0x08002091   Thumb Code    44  key.o(i.Key_Init)
    Key_Scan                                 0x080020c1   Thumb Code   238  key.o(i.Key_Scan)
    LPTIM_TIM6_IRQHandler                    0x080021d1   Thumb Code   116  timer.o(i.LPTIM_TIM6_IRQHandler)
    NEC_Init                                 0x080023bd   Thumb Code    58  nec.o(i.NEC_Init)
    NEC_IsBusy                               0x08002401   Thumb Code    16  nec.o(i.NEC_IsBusy)
    NEC_RxInit                               0x08002415   Thumb Code    44  nec.o(i.NEC_RxInit)
    NEC_RxSeen                               0x08002445   Thumb Code     6  nec.o(i.NEC_RxSeen)
    NEC_SendFrameVerify                      0x08002451   Thumb Code    50  nec.o(i.NEC_SendFrameVerify)
    NMI_Handler                              0x08002539   Thumb Code     2  n32g031_it.o(i.NMI_Handler)
    NVIC_Init                                0x0800253d   Thumb Code   106  misc.o(i.NVIC_Init)
    PendSV_Handler                           0x080026d1   Thumb Code     2  n32g031_it.o(i.PendSV_Handler)
    RCC_ConfigAdc1mClk                       0x080026d5   Thumb Code   336  n32g031_rcc.o(i.RCC_ConfigAdc1mClk)
    RCC_ConfigAdcHclk                        0x080028b9   Thumb Code    86  n32g031_rcc.o(i.RCC_ConfigAdcHclk)
    RCC_ConfigAdcPllClk                      0x0800297d   Thumb Code   202  n32g031_rcc.o(i.RCC_ConfigAdcPllClk)
    RCC_ConfigPclk1                          0x08002ad5   Thumb Code    82  n32g031_rcc.o(i.RCC_ConfigPclk1)
    RCC_EnableAHBPeriphClk                   0x08002b85   Thumb Code    80  n32g031_rcc.o(i.RCC_EnableAHBPeriphClk)
    RCC_EnableAPB1PeriphClk                  0x08002c5d   Thumb Code    80  n32g031_rcc.o(i.RCC_EnableAPB1PeriphClk)
    RCC_EnableAPB2PeriphClk                  0x08002d35   Thumb Code    80  n32g031_rcc.o(i.RCC_EnableAPB2PeriphClk)
    RCC_EnableHsi                            0x08002e0d   Thumb Code    58  n32g031_rcc.o(i.RCC_EnableHsi)
    RCC_GetClocksFreqValue                   0x08002ea5   Thumb Code   354  n32g031_rcc.o(i.RCC_GetClocksFreqValue)
    RCC_GetFlagStatus                        0x08003025   Thumb Code   136  n32g031_rcc.o(i.RCC_GetFlagStatus)
    RCC_WaitHsiStable                        0x08003109   Thumb Code    60  n32g031_rcc.o(i.RCC_WaitHsiStable)
    SVC_Handler                              0x08003145   Thumb Code     2  n32g031_it.o(i.SVC_Handler)
    SysTick_CLKSourceConfig                  0x08003231   Thumb Code    58  misc.o(i.SysTick_CLKSourceConfig)
    SysTick_Handler                          0x080032d1   Thumb Code     2  n32g031_it.o(i.SysTick_Handler)
    SystemInit                               0x080032d5   Thumb Code    94  system_n32g031.o(i.SystemInit)
    TIM1_BRK_UP_TRG_COM_IRQHandler           0x08003349   Thumb Code   318  nec.o(i.TIM1_BRK_UP_TRG_COM_IRQHandler)
    TIMER_Init                               0x080034bd   Thumb Code    86  timer.o(i.TIMER_Init)
    TIM_ClearFlag                            0x0800351d   Thumb Code    76  n32g031_tim.o(i.TIM_ClearFlag)
    TIM_ConfigArPreload                      0x080035e9   Thumb Code    88  n32g031_tim.o(i.TIM_ConfigArPreload)
    TIM_ConfigInt                            0x080036c5   Thumb Code   114  n32g031_tim.o(i.TIM_ConfigInt)
    TIM_ConfigOc1Preload                     0x080037d1   Thumb Code    76  n32g031_tim.o(i.TIM_ConfigOc1Preload)
    TIM_ConfigOc2Preload                     0x080038a9   Thumb Code    76  n32g031_tim.o(i.TIM_ConfigOc2Preload)
    TIM_Enable                               0x08003981   Thumb Code    88  n32g031_tim.o(i.TIM_Enable)
    TIM_EnableCtrlPwmOutputs                 0x08003a5d   Thumb Code    86  n32g031_tim.o(i.TIM_EnableCtrlPwmOutputs)
    TIM_GetIntStatus                         0x08003b31   Thumb Code   130  n32g031_tim.o(i.TIM_GetIntStatus)
    TIM_InitOc1                              0x08003c31   Thumb Code   392  n32g031_tim.o(i.TIM_InitOc1)
    TIM_InitOc2                              0x08003f6d   Thumb Code   406  n32g031_tim.o(i.TIM_InitOc2)
    TIM_InitOcStruct                         0x080042bd   Thumb Code    20  n32g031_tim.o(i.TIM_InitOcStruct)
    TIM_InitTimBaseStruct                    0x080042d1   Thumb Code    28  n32g031_tim.o(i.TIM_InitTimBaseStruct)
    TIM_InitTimeBase                         0x080042ed   Thumb Code   378  n32g031_tim.o(i.TIM_InitTimeBase)
    TIM_SetCmp1                              0x08004529   Thumb Code    40  n32g031_tim.o(i.TIM_SetCmp1)
    TIM_SetCmp2                              0x080045b5   Thumb Code    40  n32g031_tim.o(i.TIM_SetCmp2)
    USART_Enable                             0x08004761   Thumb Code    80  n32g031_usart.o(i.USART_Enable)
    USART_GetFlagStatus                      0x08004835   Thumb Code   144  n32g031_usart.o(i.USART_GetFlagStatus)
    USART_Init                               0x08004965   Thumb Code   420  n32g031_usart.o(i.USART_Init)
    USART_SendData                           0x08004c89   Thumb Code    60  n32g031_usart.o(i.USART_SendData)
    Usart_Init                               0x08004d41   Thumb Code   106  usart.o(i.Usart_Init)
    VCSEL_init                               0x08004db9   Thumb Code   154  pwm.o(i.VCSEL_init)
    Wear_IsOn                                0x08004e5d   Thumb Code    12  user.o(i.Wear_IsOn)
    __0printf$3                              0x08004f69   Thumb Code    24  printf3.o(i.__0printf$3)
    __1printf$3                              0x08004f69   Thumb Code     0  printf3.o(i.__0printf$3)
    __2printf                                0x08004f69   Thumb Code     0  printf3.o(i.__0printf$3)
    __ARM_clz                                0x08004f89   Thumb Code    46  depilogue.o(i.__ARM_clz)
    __ARM_common_switch8                     0x08004fb7   Thumb Code    28  nec.o(i.__ARM_common_switch8)
    __scatterload_copy                       0x08004fd3   Thumb Code    14  handlers.o(i.__scatterload_copy)
    __scatterload_null                       0x08004fe1   Thumb Code     2  handlers.o(i.__scatterload_null)
    __scatterload_zeroinit                   0x08004fe3   Thumb Code    14  handlers.o(i.__scatterload_zeroinit)
    assert_failed                            0x080051bd   Thumb Code     4  main.o(i.assert_failed)
    delay_init                               0x080051c1   Thumb Code    40  delay.o(i.delay_init)
    delay_ms                                 0x080051f9   Thumb Code    70  delay.o(i.delay_ms)
    fputc                                    0x08005249   Thumb Code    32  usart.o(i.fputc)
    main                                     0x0800526d   Thumb Code    74  main.o(i.main)
    Region$$Table$$Base                      0x08005360   Number         0  anon$$obj.o(Region$$Table)
    Region$$Table$$Limit                     0x08005380   Number         0  anon$$obj.o(Region$$Table)
    SystemCoreClock                          0x20000000   Data           4  system_n32g031.o(.data)
    NTC1_Value                               0x20000004   Data           2  adc.o(.data)
    NTC2_Value                               0x20000006   Data           2  adc.o(.data)
    BAT_Value                                0x20000008   Data           2  adc.o(.data)
    AdcScanTimeCount                         0x2000000e   Data           2  adc.o(.data)
    KeyEnhancedTimeCount                     0x20000010   Data           2  key.o(.data)
    Key                                      0x20000014   Data           1  main.o(.data)
    Fac                                      0x20000015   Data           1  main.o(.data)
    Mode                                     0x20000016   Data           1  main.o(.data)
    ssw                                      0x20000018   Data           2  main.o(.data)
    IdleTimeCount                            0x2000001a   Data           2  main.o(.data)
    OneSecondTimeCount                       0x2000001c   Data           2  main.o(.data)
    FaultLedAlarmTimeCount                   0x2000001e   Data           2  main.o(.data)
    LTTDelayTime                             0x20000020   Data           2  main.o(.data)
    DelayTimeCount                           0x20000024   Data           4  main.o(.data)
    TreatmentCnt                             0x20000028   Data           2  main.o(.data)
    TreatmentTiming                          0x2000002a   Data           2  main.o(.data)
    BatBlinkTimeCount                        0x2000002c   Data           2  timer.o(.data)
    NecRxOk                                  0x2000002e   Data           1  user.o(.data)
    s_mode                                   0x20000030   Data           1  user.o(.data)
    TreatPhase                               0x20000035   Data           1  user.o(.data)
    TreatSecLeft                             0x20000036   Data           2  user.o(.data)
    NecGapTimeCount                          0x2000004e   Data           2  nec.o(.data)
    __stdout                                 0x20000054   Data           4  stdout.o(.data)
    __initial_sp                             0x20000458   Data           0  startup_n32g031.o(STACK)



==============================================================================

Memory Map of the image

  Image Entry point : 0x080000c1

  Load Region LR_IROM1 (Base: 0x08000000, Size: 0x000053d8, Max: 0x00010000, ABSOLUTE)

    Execution Region ER_IROM1 (Exec base: 0x08000000, Load base: 0x08000000, Size: 0x00005380, Max: 0x00010000, ABSOLUTE)

    Exec Addr    Load Addr    Size         Type   Attr      Idx    E Section Name        Object

    0x08000000   0x08000000   0x000000c0   Data   RO            3    RESET               startup_n32g031.o
    0x080000c0   0x080000c0   0x00000000   Code   RO         2408  * .ARM.Collect$$$$00000000  mc_p.l(entry.o)
    0x080000c0   0x080000c0   0x00000004   Code   RO         2690    .ARM.Collect$$$$00000001  mc_p.l(entry2.o)
    0x080000c4   0x080000c4   0x00000004   Code   RO         2693    .ARM.Collect$$$$00000004  mc_p.l(entry5.o)
    0x080000c8   0x080000c8   0x00000000   Code   RO         2695    .ARM.Collect$$$$00000008  mc_p.l(entry7b.o)
    0x080000c8   0x080000c8   0x00000000   Code   RO         2697    .ARM.Collect$$$$0000000A  mc_p.l(entry8b.o)
    0x080000c8   0x080000c8   0x00000008   Code   RO         2698    .ARM.Collect$$$$0000000B  mc_p.l(entry9a.o)
    0x080000d0   0x080000d0   0x00000004   Code   RO         2705    .ARM.Collect$$$$0000000E  mc_p.l(entry12b.o)
    0x080000d4   0x080000d4   0x00000000   Code   RO         2700    .ARM.Collect$$$$0000000F  mc_p.l(entry10a.o)
    0x080000d4   0x080000d4   0x00000000   Code   RO         2702    .ARM.Collect$$$$00000011  mc_p.l(entry11a.o)
    0x080000d4   0x080000d4   0x00000004   Code   RO         2691    .ARM.Collect$$$$00002712  mc_p.l(entry2.o)
    0x080000d8   0x080000d8   0x0000001c   Code   RO            4    .text               startup_n32g031.o
    0x080000f4   0x080000f4   0x0000002c   Code   RO         2411    .text               mc_p.l(uidiv.o)
    0x08000120   0x08000120   0x00000028   Code   RO         2413    .text               mc_p.l(idiv.o)
    0x08000148   0x08000148   0x0000007a   Code   RO         2676    .text               mf_p.l(fmul.o)
    0x080001c2   0x080001c2   0x0000007c   Code   RO         2678    .text               mf_p.l(fdiv.o)
    0x0800023e   0x0800023e   0x00000002   PAD
    0x08000240   0x08000240   0x000000d0   Code   RO         2680    .text               mf_p.l(dmul.o)
    0x08000310   0x08000310   0x0000000e   Code   RO         2682    .text               mf_p.l(ffltui.o)
    0x0800031e   0x0800031e   0x00000028   Code   RO         2684    .text               mf_p.l(ffixui.o)
    0x08000346   0x08000346   0x00000028   Code   RO         2686    .text               mf_p.l(f2d.o)
    0x0800036e   0x0800036e   0x00000038   Code   RO         2688    .text               mf_p.l(d2f.o)
    0x080003a6   0x080003a6   0x00000000   Code   RO         2709    .text               mc_p.l(iusefp.o)
    0x080003a6   0x080003a6   0x00000082   Code   RO         2710    .text               mf_p.l(fepilogue.o)
    0x08000428   0x08000428   0x000000be   Code   RO         2712    .text               mf_p.l(depilogue.o)
    0x080004e6   0x080004e6   0x00000002   PAD
    0x080004e8   0x080004e8   0x00000024   Code   RO         2724    .text               mc_p.l(init.o)
    0x0800050c   0x0800050c   0x00000020   Code   RO         2726    .text               mc_p.l(llshl.o)
    0x0800052c   0x0800052c   0x00000022   Code   RO         2728    .text               mc_p.l(llushr.o)
    0x0800054e   0x0800054e   0x0000000a   Code   RO          173    i.ADC_AHB_Clock_Mode_Config  n32g031_adc.o
    0x08000558   0x08000558   0x00000026   Code   RO         1950    i.ADC_Average       adc.o
    0x0800057e   0x0800057e   0x00000002   PAD
    0x08000580   0x08000580   0x000000ac   Code   RO          174    i.ADC_ClearFlag     n32g031_adc.o
    0x0800062c   0x0800062c   0x0000003c   Code   RO          179    i.ADC_ConfigClk     n32g031_adc.o
    0x08000668   0x08000668   0x0000026c   Code   RO          187    i.ADC_ConfigRegularChannel  n32g031_adc.o
    0x080008d4   0x080008d4   0x000000b8   Code   RO          189    i.ADC_Enable        n32g031_adc.o
    0x0800098c   0x0800098c   0x000000bc   Code   RO          196    i.ADC_EnableSoftwareStartConv  n32g031_adc.o
    0x08000a48   0x08000a48   0x00000074   Code   RO          200    i.ADC_GetDat        n32g031_adc.o
    0x08000abc   0x08000abc   0x00000048   Code   RO         1951    i.ADC_GetData       adc.o
    0x08000b04   0x08000b04   0x000000c8   Code   RO          201    i.ADC_GetFlagStatus  n32g031_adc.o
    0x08000bcc   0x08000bcc   0x000000cc   Code   RO          202    i.ADC_GetFlagStatusNew  n32g031_adc.o
    0x08000c98   0x08000c98   0x00000244   Code   RO          208    i.ADC_Init          n32g031_adc.o
    0x08000edc   0x08000edc   0x0000000a   Code   RO          211    i.ADC_PLL_Clock_Mode_Config  n32g031_adc.o
    0x08000ee6   0x08000ee6   0x00000002   PAD
    0x08000ee8   0x08000ee8   0x00000108   Code   RO         1952    i.ADC_Scan          adc.o
    0x08000ff0   0x08000ff0   0x000000a0   Code   RO         1953    i.Adc_Init          adc.o
    0x08001090   0x08001090   0x0000038c   Code   RO         2196    i.App_Handle        user.o
    0x0800141c   0x0800141c   0x0000012c   Code   RO         1955    i.Bat_Update        adc.o
    0x08001548   0x08001548   0x00000090   Code   RO         2168    i.Beep_init         pwm.o
    0x080015d8   0x080015d8   0x0000008c   Code   RO         2005    i.GPIO_Init         gpio.o
    0x08001664   0x08001664   0x000004cc   Code   RO          437    i.GPIO_InitPeripheral  n32g031_gpio.o
    0x08001b30   0x08001b30   0x0000001c   Code   RO          438    i.GPIO_InitStruct   n32g031_gpio.o
    0x08001b4c   0x08001b4c   0x00000140   Code   RO          440    i.GPIO_ReadInputDataBit  n32g031_gpio.o
    0x08001c8c   0x08001c8c   0x00000130   Code   RO          443    i.GPIO_ResetBits    n32g031_gpio.o
    0x08001dbc   0x08001dbc   0x00000130   Code   RO          444    i.GPIO_SetBits      n32g031_gpio.o
    0x08001eec   0x08001eec   0x000000f4   Code   RO          445    i.GPIO_TogglePin    n32g031_gpio.o
    0x08001fe0   0x08001fe0   0x00000004   Code   RO         1899    i.HardFault_Handler  n32g031_it.o
    0x08001fe4   0x08001fe4   0x000000ac   Code   RO         2169    i.IRM_Init          pwm.o
    0x08002090   0x08002090   0x00000030   Code   RO         2024    i.Key_Init          key.o
    0x080020c0   0x080020c0   0x00000110   Code   RO         2025    i.Key_Scan          key.o
    0x080021d0   0x080021d0   0x00000090   Code   RO         2113    i.LPTIM_TIM6_IRQHandler  timer.o
    0x08002260   0x08002260   0x00000074   Code   RO         2197    i.Led1_Update       user.o
    0x080022d4   0x080022d4   0x0000003c   Code   RO         2198    i.Mode_Next         user.o
    0x08002310   0x08002310   0x0000008c   Code   RO         2199    i.Mode_ShowLed      user.o
    0x0800239c   0x0800239c   0x00000010   Code   RO         2299    i.NEC_CarrierOff    nec.o
    0x080023ac   0x080023ac   0x00000010   Code   RO         2300    i.NEC_CarrierOn     nec.o
    0x080023bc   0x080023bc   0x00000044   Code   RO         2302    i.NEC_Init          nec.o
    0x08002400   0x08002400   0x00000014   Code   RO         2303    i.NEC_IsBusy        nec.o
    0x08002414   0x08002414   0x00000030   Code   RO         2304    i.NEC_RxInit        nec.o
    0x08002444   0x08002444   0x0000000c   Code   RO         2305    i.NEC_RxSeen        nec.o
    0x08002450   0x08002450   0x00000032   Code   RO         2308    i.NEC_SendFrameVerify  nec.o
    0x08002482   0x08002482   0x00000002   PAD
    0x08002484   0x08002484   0x0000007c   Code   RO         2310    i.NEC_Start         nec.o
    0x08002500   0x08002500   0x00000038   Code   RO         2313    i.NEC_Ticks         nec.o
    0x08002538   0x08002538   0x00000002   Code   RO         1900    i.NMI_Handler       n32g031_it.o
    0x0800253a   0x0800253a   0x00000002   PAD
    0x0800253c   0x0800253c   0x0000011c   Code   RO          139    i.NVIC_Init         misc.o
    0x08002658   0x08002658   0x00000078   Code   RO          140    i.NVIC_SetPriority  misc.o
    0x080026d0   0x080026d0   0x00000002   Code   RO         1901    i.PendSV_Handler    n32g031_it.o
    0x080026d2   0x080026d2   0x00000002   PAD
    0x080026d4   0x080026d4   0x000001e4   Code   RO          555    i.RCC_ConfigAdc1mClk  n32g031_rcc.o
    0x080028b8   0x080028b8   0x000000c4   Code   RO          556    i.RCC_ConfigAdcHclk  n32g031_rcc.o
    0x0800297c   0x0800297c   0x00000158   Code   RO          557    i.RCC_ConfigAdcPllClk  n32g031_rcc.o
    0x08002ad4   0x08002ad4   0x000000b0   Code   RO          568    i.RCC_ConfigPclk1   n32g031_rcc.o
    0x08002b84   0x08002b84   0x000000d8   Code   RO          575    i.RCC_EnableAHBPeriphClk  n32g031_rcc.o
    0x08002c5c   0x08002c5c   0x000000d8   Code   RO          577    i.RCC_EnableAPB1PeriphClk  n32g031_rcc.o
    0x08002d34   0x08002d34   0x000000d8   Code   RO          579    i.RCC_EnableAPB2PeriphClk  n32g031_rcc.o
    0x08002e0c   0x08002e0c   0x00000098   Code   RO          582    i.RCC_EnableHsi     n32g031_rcc.o
    0x08002ea4   0x08002ea4   0x00000180   Code   RO          589    i.RCC_GetClocksFreqValue  n32g031_rcc.o
    0x08003024   0x08003024   0x000000e4   Code   RO          590    i.RCC_GetFlagStatus  n32g031_rcc.o
    0x08003108   0x08003108   0x0000003c   Code   RO          600    i.RCC_WaitHsiStable  n32g031_rcc.o
    0x08003144   0x08003144   0x00000002   Code   RO         1902    i.SVC_Handler       n32g031_it.o
    0x08003146   0x08003146   0x00000002   PAD
    0x08003148   0x08003148   0x000000e8   Code   RO           11    i.SetSysClock       system_n32g031.o
    0x08003230   0x08003230   0x000000a0   Code   RO          141    i.SysTick_CLKSourceConfig  misc.o
    0x080032d0   0x080032d0   0x00000002   Code   RO         1903    i.SysTick_Handler   n32g031_it.o
    0x080032d2   0x080032d2   0x00000002   PAD
    0x080032d4   0x080032d4   0x00000074   Code   RO           13    i.SystemInit        system_n32g031.o
    0x08003348   0x08003348   0x00000174   Code   RO         2314    i.TIM1_BRK_UP_TRG_COM_IRQHandler  nec.o
    0x080034bc   0x080034bc   0x00000060   Code   RO         2114    i.TIMER_Init        timer.o
    0x0800351c   0x0800351c   0x000000cc   Code   RO         1063    i.TIM_ClearFlag     n32g031_tim.o
    0x080035e8   0x080035e8   0x000000dc   Code   RO         1071    i.TIM_ConfigArPreload  n32g031_tim.o
    0x080036c4   0x080036c4   0x0000010c   Code   RO         1086    i.TIM_ConfigInt     n32g031_tim.o
    0x080037d0   0x080037d0   0x000000d8   Code   RO         1092    i.TIM_ConfigOc1Preload  n32g031_tim.o
    0x080038a8   0x080038a8   0x000000d8   Code   RO         1096    i.TIM_ConfigOc2Preload  n32g031_tim.o
    0x08003980   0x08003980   0x000000dc   Code   RO         1115    i.TIM_Enable        n32g031_tim.o
    0x08003a5c   0x08003a5c   0x000000d4   Code   RO         1119    i.TIM_EnableCtrlPwmOutputs  n32g031_tim.o
    0x08003b30   0x08003b30   0x00000100   Code   RO         1133    i.TIM_GetIntStatus  n32g031_tim.o
    0x08003c30   0x08003c30   0x0000033c   Code   RO         1138    i.TIM_InitOc1       n32g031_tim.o
    0x08003f6c   0x08003f6c   0x00000350   Code   RO         1139    i.TIM_InitOc2       n32g031_tim.o
    0x080042bc   0x080042bc   0x00000014   Code   RO         1144    i.TIM_InitOcStruct  n32g031_tim.o
    0x080042d0   0x080042d0   0x0000001c   Code   RO         1145    i.TIM_InitTimBaseStruct  n32g031_tim.o
    0x080042ec   0x080042ec   0x0000023c   Code   RO         1146    i.TIM_InitTimeBase  n32g031_tim.o
    0x08004528   0x08004528   0x0000008c   Code   RO         1158    i.TIM_SetCmp1       n32g031_tim.o
    0x080045b4   0x080045b4   0x0000008c   Code   RO         1159    i.TIM_SetCmp2       n32g031_tim.o
    0x08004640   0x08004640   0x00000050   Code   RO         2200    i.Treat_Start       user.o
    0x08004690   0x08004690   0x00000024   Code   RO         2201    i.Treat_Stop        user.o
    0x080046b4   0x080046b4   0x000000ac   Code   RO         2202    i.Treat_Tick        user.o
    0x08004760   0x08004760   0x000000d4   Code   RO         1734    i.USART_Enable      n32g031_usart.o
    0x08004834   0x08004834   0x00000130   Code   RO         1741    i.USART_GetFlagStatus  n32g031_usart.o
    0x08004964   0x08004964   0x00000324   Code   RO         1743    i.USART_Init        n32g031_usart.o
    0x08004c88   0x08004c88   0x000000b8   Code   RO         1746    i.USART_SendData    n32g031_usart.o
    0x08004d40   0x08004d40   0x00000078   Code   RO         2142    i.Usart_Init        usart.o
    0x08004db8   0x08004db8   0x000000a4   Code   RO         2170    i.VCSEL_init        pwm.o
    0x08004e5c   0x08004e5c   0x00000010   Code   RO         2203    i.Wear_IsOn         user.o
    0x08004e6c   0x08004e6c   0x000000fc   Code   RO         2204    i.Wear_Update       user.o
    0x08004f68   0x08004f68   0x00000020   Code   RO         2504    i.__0printf$3       mc_p.l(printf3.o)
    0x08004f88   0x08004f88   0x0000002e   Code   RO         2714    i.__ARM_clz         mf_p.l(depilogue.o)
    0x08004fb6   0x08004fb6   0x0000001c   Code   RO         2400    i.__ARM_common_switch8  nec.o
    0x08004fd2   0x08004fd2   0x0000000e   Code   RO         2734    i.__scatterload_copy  mc_p.l(handlers.o)
    0x08004fe0   0x08004fe0   0x00000002   Code   RO         2735    i.__scatterload_null  mc_p.l(handlers.o)
    0x08004fe2   0x08004fe2   0x0000000e   Code   RO         2736    i.__scatterload_zeroinit  mc_p.l(handlers.o)
    0x08004ff0   0x08004ff0   0x000001cc   Code   RO         2511    i._printf_core      mc_p.l(printf3.o)
    0x080051bc   0x080051bc   0x00000004   Code   RO         2053    i.assert_failed     main.o
    0x080051c0   0x080051c0   0x00000038   Code   RO         2265    i.delay_init        delay.o
    0x080051f8   0x080051f8   0x00000050   Code   RO         2266    i.delay_ms          delay.o
    0x08005248   0x08005248   0x00000024   Code   RO         2143    i.fputc             usart.o
    0x0800526c   0x0800526c   0x00000054   Code   RO         2054    i.main              main.o
    0x080052c0   0x080052c0   0x00000040   Data   RO          601    .constdata          n32g031_rcc.o
    0x08005300   0x08005300   0x00000017   Data   RO         2205    .constdata          user.o
    0x08005317   0x08005317   0x00000001   PAD
    0x08005318   0x08005318   0x00000046   Data   RO         1752    .conststring        n32g031_usart.o
    0x0800535e   0x0800535e   0x00000002   PAD
    0x08005360   0x08005360   0x00000020   Data   RO         2732    Region$$Table       anon$$obj.o


    Execution Region RW_IRAM1 (Exec base: 0x20000000, Load base: 0x08005380, Size: 0x00000458, Max: 0x00002000, ABSOLUTE)

    Exec Addr    Load Addr    Size         Type   Attr      Idx    E Section Name        Object

    0x20000000   0x08005380   0x00000004   Data   RW           15    .data               system_n32g031.o
    0x20000004   0x08005384   0x0000000c   Data   RW         1956    .data               adc.o
    0x20000010   0x08005390   0x00000004   Data   RW         2026    .data               key.o
    0x20000014   0x08005394   0x00000018   Data   RW         2055    .data               main.o
    0x2000002c   0x080053ac   0x00000002   Data   RW         2115    .data               timer.o
    0x2000002e   0x080053ae   0x0000000a   Data   RW         2206    .data               user.o
    0x20000038   0x080053b8   0x00000004   Data   RW         2268    .data               delay.o
    0x2000003c   0x080053bc   0x00000017   Data   RW         2315    .data               nec.o
    0x20000053   0x080053d3   0x00000001   PAD
    0x20000054   0x080053d4   0x00000004   Data   RW         2706    .data               mc_p.l(stdout.o)
    0x20000058        -       0x00000400   Zero   RW            1    STACK               startup_n32g031.o


==============================================================================

Image component sizes


      Code (inc. data)   RO Data    RW Data    ZI Data      Debug   Object Name

       834         88          0         12          0       4296   adc.o
       136         26          0          4          0       1196   delay.o
       140         18          0          0          0        564   gpio.o
       320         38          0          4          0       1969   key.o
        88         10          0         24          0       3021   main.o
       564        290          0          0          0       8162   misc.o
      2344       1154          0          0          0      10325   n32g031_adc.o
      2428        982          0          0          0       5377   n32g031_gpio.o
        12          0          0          0          0       2475   n32g031_it.o
      2672       1118         64          0          0      11707   n32g031_rcc.o
      4388       2350          0          0          0      11469   n32g031_tim.o
      1504        800         70          0          0       4699   n32g031_usart.o
       810        142          0         23          0       6483   nec.o
       480         30          0          0          0       2284   pwm.o
        28          8        192          0       1024        704   startup_n32g031.o
       348         40          0          4          0     242221   system_n32g031.o
       240         38          0          2          0       1963   timer.o
       156         18          0          0          0       2841   usart.o
      1780        280         23         10          0       6446   user.o

    ----------------------------------------------------------------------
     19286       7430        384         84       1024     328202   Object Totals
         0          0         32          0          0          0   (incl. Generated)
        14          0          3          1          0          0   (incl. Padding)

    ----------------------------------------------------------------------

      Code (inc. data)   RO Data    RW Data    ZI Data      Debug   Library Member Name

         0          0          0          0          0          0   entry.o
         0          0          0          0          0          0   entry10a.o
         0          0          0          0          0          0   entry11a.o
         4          0          0          0          0          0   entry12b.o
         8          4          0          0          0          0   entry2.o
         4          0          0          0          0          0   entry5.o
         0          0          0          0          0          0   entry7b.o
         0          0          0          0          0          0   entry8b.o
         8          4          0          0          0          0   entry9a.o
        30          0          0          0          0          0   handlers.o
        40          0          0          0          0         72   idiv.o
        36          8          0          0          0         68   init.o
         0          0          0          0          0          0   iusefp.o
        32          0          0          0          0         68   llshl.o
        34          0          0          0          0         68   llushr.o
       492         12          0          0          0        168   printf3.o
         0          0          0          4          0          0   stdout.o
        44          0          0          0          0         72   uidiv.o
        56          0          0          0          0         68   d2f.o
       236          0          0          0          0        216   depilogue.o
       208          6          0          0          0         88   dmul.o
        40          0          0          0          0         60   f2d.o
       124          0          0          0          0         72   fdiv.o
       130          0          0          0          0        144   fepilogue.o
        40          0          0          0          0         60   ffixui.o
        14          0          0          0          0         68   ffltui.o
       122          0          0          0          0         72   fmul.o

    ----------------------------------------------------------------------
      1706         34          0          4          0       1364   Library Totals
         4          0          0          0          0          0   (incl. Padding)

    ----------------------------------------------------------------------

      Code (inc. data)   RO Data    RW Data    ZI Data      Debug   Library Name

       732         28          0          4          0        516   mc_p.l
       970          6          0          0          0        848   mf_p.l

    ----------------------------------------------------------------------
      1706         34          0          4          0       1364   Library Totals

    ----------------------------------------------------------------------

==============================================================================


      Code (inc. data)   RO Data    RW Data    ZI Data      Debug   

     20992       7464        384         88       1024     325054   Grand Totals
     20992       7464        384         88       1024     325054   ELF Image Totals
     20992       7464        384         88          0          0   ROM Totals

==============================================================================

    Total RO  Size (Code + RO Data)                21376 (  20.88kB)
    Total RW  Size (RW Data + ZI Data)              1112 (   1.09kB)
    Total ROM Size (Code + RO Data + RW Data)      21464 (  20.96kB)

==============================================================================

