*** Using Compiler 'V5.06 update 7 (build 960)', folder: 'D:\Keil_v5\ARM\ARMCC\Bin'
Rebuild target 'N32G031'
assembling startup_n32g031.s...
compiling misc.c...
compiling n32g031_sqrt.c...
compiling n32g031_it.c...
compiling system_n32g031.c...
compiling adc.c...
compiling n32g031_usart.c...
compiling n32g031_spi.c...
compiling n32g031_adc.c...
compiling n32g031_gpio.c...
compiling n32g031_rcc.c...
compiling n32g031_tim.c...
compiling key.c...
compiling gpio.c...
compiling main.c...
compiling timer.c...
compiling pwm.c...
compiling usart.c...
compiling delay.c...
compiling user.c...
compiling nec.c...
linking...
Program Size: Code=21112 RO-data=372 RW-data=92 ZI-data=1028  
FromELF: creating hex file...
After Build - User command #1: fromelf --bin --output=.\bin\LLLT.bin .\Objects\LLLT.axf
".\Objects\LLLT.axf" - 0 Error(s), 0 Warning(s).
Build Time Elapsed:  00:00:02
